Archive member included to satisfy reference by file (symbol)

c:/ac6/systemworkbench/plugins/fr.ac6.mcu.externaltools.arm-none.win32_1.16.0.201807130628/tools/compiler/bin/../lib/gcc/arm-none-eabi/7.2.1/../../../../arm-none-eabi/lib/thumb/v7e-m/fpv4-sp/hard\libc_nano.a(lib_a-exit.o)
                              c:/ac6/systemworkbench/plugins/fr.ac6.mcu.externaltools.arm-none.win32_1.16.0.201807130628/tools/compiler/bin/../lib/gcc/arm-none-eabi/7.2.1/../../../../arm-none-eabi/lib/thumb/v7e-m/fpv4-sp/hard/crt0.o (exit)
c:/ac6/systemworkbench/plugins/fr.ac6.mcu.externaltools.arm-none.win32_1.16.0.201807130628/tools/compiler/bin/../lib/gcc/arm-none-eabi/7.2.1/../../../../arm-none-eabi/lib/thumb/v7e-m/fpv4-sp/hard\libc_nano.a(lib_a-impure.o)
                              c:/ac6/systemworkbench/plugins/fr.ac6.mcu.externaltools.arm-none.win32_1.16.0.201807130628/tools/compiler/bin/../lib/gcc/arm-none-eabi/7.2.1/../../../../arm-none-eabi/lib/thumb/v7e-m/fpv4-sp/hard\libc_nano.a(lib_a-exit.o) (_global_impure_ptr)
c:/ac6/systemworkbench/plugins/fr.ac6.mcu.externaltools.arm-none.win32_1.16.0.201807130628/tools/compiler/bin/../lib/gcc/arm-none-eabi/7.2.1/../../../../arm-none-eabi/lib/thumb/v7e-m/fpv4-sp/hard\libc_nano.a(lib_a-init.o)
                              c:/ac6/systemworkbench/plugins/fr.ac6.mcu.externaltools.arm-none.win32_1.16.0.201807130628/tools/compiler/bin/../lib/gcc/arm-none-eabi/7.2.1/../../../../arm-none-eabi/lib/thumb/v7e-m/fpv4-sp/hard/crt0.o (__libc_init_array)
c:/ac6/systemworkbench/plugins/fr.ac6.mcu.externaltools.arm-none.win32_1.16.0.201807130628/tools/compiler/bin/../lib/gcc/arm-none-eabi/7.2.1/../../../../arm-none-eabi/lib/thumb/v7e-m/fpv4-sp/hard\libc_nano.a(lib_a-memset.o)
                              c:/ac6/systemworkbench/plugins/fr.ac6.mcu.externaltools.arm-none.win32_1.16.0.201807130628/tools/compiler/bin/../lib/gcc/arm-none-eabi/7.2.1/../../../../arm-none-eabi/lib/thumb/v7e-m/fpv4-sp/hard/crt0.o (memset)
c:/ac6/systemworkbench/plugins/fr.ac6.mcu.externaltools.arm-none.win32_1.16.0.201807130628/tools/compiler/bin/../lib/gcc/arm-none-eabi/7.2.1/../../../../arm-none-eabi/lib/thumb/v7e-m/fpv4-sp/hard\libnosys.a(_exit.o)
                              c:/ac6/systemworkbench/plugins/fr.ac6.mcu.externaltools.arm-none.win32_1.16.0.201807130628/tools/compiler/bin/../lib/gcc/arm-none-eabi/7.2.1/../../../../arm-none-eabi/lib/thumb/v7e-m/fpv4-sp/hard\libc_nano.a(lib_a-exit.o) (_exit)

Allocating common symbols
Common symbol       size              file

hspi2               0x58              Application/User/main.o
pFlash              0x20              Drivers/STM32F4xx_HAL_Driver/stm32f4xx_hal_flash.o

Discarded input sections

 .text          0x00000000        0x0 c:/ac6/systemworkbench/plugins/fr.ac6.mcu.externaltools.arm-none.win32_1.16.0.201807130628/tools/compiler/bin/../lib/gcc/arm-none-eabi/7.2.1/thumb/v7e-m/fpv4-sp/hard/crti.o
 .data          0x00000000        0x0 c:/ac6/systemworkbench/plugins/fr.ac6.mcu.externaltools.arm-none.win32_1.16.0.201807130628/tools/compiler/bin/../lib/gcc/arm-none-eabi/7.2.1/thumb/v7e-m/fpv4-sp/hard/crti.o
 .bss           0x00000000        0x0 c:/ac6/systemworkbench/plugins/fr.ac6.mcu.externaltools.arm-none.win32_1.16.0.201807130628/tools/compiler/bin/../lib/gcc/arm-none-eabi/7.2.1/thumb/v7e-m/fpv4-sp/hard/crti.o
 .data          0x00000000        0x4 c:/ac6/systemworkbench/plugins/fr.ac6.mcu.externaltools.arm-none.win32_1.16.0.201807130628/tools/compiler/bin/../lib/gcc/arm-none-eabi/7.2.1/thumb/v7e-m/fpv4-sp/hard/crtbegin.o
 .text          0x00000000       0x74 c:/ac6/systemworkbench/plugins/fr.ac6.mcu.externaltools.arm-none.win32_1.16.0.201807130628/tools/compiler/bin/../lib/gcc/arm-none-eabi/7.2.1/../../../../arm-none-eabi/lib/thumb/v7e-m/fpv4-sp/hard/crt0.o
 .data          0x00000000        0x0 c:/ac6/systemworkbench/plugins/fr.ac6.mcu.externaltools.arm-none.win32_1.16.0.201807130628/tools/compiler/bin/../lib/gcc/arm-none-eabi/7.2.1/../../../../arm-none-eabi/lib/thumb/v7e-m/fpv4-sp/hard/crt0.o
 .bss           0x00000000        0x0 c:/ac6/systemworkbench/plugins/fr.ac6.mcu.externaltools.arm-none.win32_1.16.0.201807130628/tools/compiler/bin/../lib/gcc/arm-none-eabi/7.2.1/../../../../arm-none-eabi/lib/thumb/v7e-m/fpv4-sp/hard/crt0.o
 .ARM.extab     0x00000000        0x0 c:/ac6/systemworkbench/plugins/fr.ac6.mcu.externaltools.arm-none.win32_1.16.0.201807130628/tools/compiler/bin/../lib/gcc/arm-none-eabi/7.2.1/../../../../arm-none-eabi/lib/thumb/v7e-m/fpv4-sp/hard/crt0.o
 .ARM.exidx     0x00000000        0x8 c:/ac6/systemworkbench/plugins/fr.ac6.mcu.externaltools.arm-none.win32_1.16.0.201807130628/tools/compiler/bin/../lib/gcc/arm-none-eabi/7.2.1/../../../../arm-none-eabi/lib/thumb/v7e-m/fpv4-sp/hard/crt0.o
 .ARM.attributes
                0x00000000       0x20 c:/ac6/systemworkbench/plugins/fr.ac6.mcu.externaltools.arm-none.win32_1.16.0.201807130628/tools/compiler/bin/../lib/gcc/arm-none-eabi/7.2.1/../../../../arm-none-eabi/lib/thumb/v7e-m/fpv4-sp/hard/crt0.o
[...]
Memory Configuration

Name             Origin             Length             Attributes
RAM              0x20000000         0x00020000         xrw
CCMRAM           0x10000000         0x00010000         rw
FLASH            0x08000000         0x00100000         xr
*default*        0x00000000         0xffffffff

Linker script and memory map

LOAD c:/ac6/systemworkbench/plugins/fr.ac6.mcu.externaltools.arm-none.win32_1.16.0.201807130628/tools/compiler/bin/../lib/gcc/arm-none-eabi/7.2.1/thumb/v7e-m/fpv4-sp/hard/crti.o
LOAD c:/ac6/systemworkbench/plugins/fr.ac6.mcu.externaltools.arm-none.win32_1.16.0.201807130628/tools/compiler/bin/../lib/gcc/arm-none-eabi/7.2.1/thumb/v7e-m/fpv4-sp/hard/crtbegin.o
LOAD c:/ac6/systemworkbench/plugins/fr.ac6.mcu.externaltools.arm-none.win32_1.16.0.201807130628/tools/compiler/bin/../lib/gcc/arm-none-eabi/7.2.1/../../../../arm-none-eabi/lib/thumb/v7e-m/fpv4-sp/hard/crt0.o
LOAD Application/SW4STM32/startup_stm32f407xx.o
LOAD Application/User/main.o
LOAD Application/User/stm32f4xx_hal_msp.o
LOAD Application/User/stm32f4xx_it.o
LOAD Drivers/CMSIS/system_stm32f4xx.o
LOAD Drivers/STM32F4xx_HAL_Driver/stm32f4xx_hal.o
LOAD Drivers/STM32F4xx_HAL_Driver/stm32f4xx_hal_cortex.o
LOAD Drivers/STM32F4xx_HAL_Driver/stm32f4xx_hal_dma.o
LOAD Drivers/STM32F4xx_HAL_Driver/stm32f4xx_hal_dma_ex.o
LOAD Drivers/STM32F4xx_HAL_Driver/stm32f4xx_hal_flash.o
LOAD Drivers/STM32F4xx_HAL_Driver/stm32f4xx_hal_flash_ex.o
LOAD Drivers/STM32F4xx_HAL_Driver/stm32f4xx_hal_flash_ramfunc.o
LOAD Drivers/STM32F4xx_HAL_Driver/stm32f4xx_hal_gpio.o
LOAD Drivers/STM32F4xx_HAL_Driver/stm32f4xx_hal_pwr.o
LOAD Drivers/STM32F4xx_HAL_Driver/stm32f4xx_hal_pwr_ex.o
LOAD Drivers/STM32F4xx_HAL_Driver/stm32f4xx_hal_rcc.o
LOAD Drivers/STM32F4xx_HAL_Driver/stm32f4xx_hal_rcc_ex.o
LOAD Drivers/STM32F4xx_HAL_Driver/stm32f4xx_hal_spi.o
LOAD Drivers/STM32F4xx_HAL_Driver/stm32f4xx_hal_tim.o
LOAD Drivers/STM32F4xx_HAL_Driver/stm32f4xx_hal_tim_ex.o
LOAD c:/ac6/systemworkbench/plugins/fr.ac6.mcu.externaltools.arm-none.win32_1.16.0.201807130628/tools/compiler/bin/../lib/gcc/arm-none-eabi/7.2.1/../../../../arm-none-eabi/lib/thumb/v7e-m/fpv4-sp/hard\libm.a
START GROUP
LOAD c:/ac6/systemworkbench/plugins/fr.ac6.mcu.externaltools.arm-none.win32_1.16.0.201807130628/tools/compiler/bin/../lib/gcc/arm-none-eabi/7.2.1/thumb/v7e-m/fpv4-sp/hard\libgcc.a
LOAD c:/ac6/systemworkbench/plugins/fr.ac6.mcu.externaltools.arm-none.win32_1.16.0.201807130628/tools/compiler/bin/../lib/gcc/arm-none-eabi/7.2.1/../../../../arm-none-eabi/lib/thumb/v7e-m/fpv4-sp/hard\libc_nano.a
END GROUP
START GROUP
LOAD c:/ac6/systemworkbench/plugins/fr.ac6.mcu.externaltools.arm-none.win32_1.16.0.201807130628/tools/compiler/bin/../lib/gcc/arm-none-eabi/7.2.1/thumb/v7e-m/fpv4-sp/hard\libgcc.a
LOAD c:/ac6/systemworkbench/plugins/fr.ac6.mcu.externaltools.arm-none.win32_1.16.0.201807130628/tools/compiler/bin/../lib/gcc/arm-none-eabi/7.2.1/../../../../arm-none-eabi/lib/thumb/v7e-m/fpv4-sp/hard\libc_nano.a
LOAD c:/ac6/systemworkbench/plugins/fr.ac6.mcu.externaltools.arm-none.win32_1.16.0.201807130628/tools/compiler/bin/../lib/gcc/arm-none-eabi/7.2.1/../../../../arm-none-eabi/lib/thumb/v7e-m/fpv4-sp/hard\libnosys.a
END GROUP
START GROUP
LOAD c:/ac6/systemworkbench/plugins/fr.ac6.mcu.externaltools.arm-none.win32_1.16.0.201807130628/tools/compiler/bin/../lib/gcc/arm-none-eabi/7.2.1/thumb/v7e-m/fpv4-sp/hard\libgcc.a
LOAD c:/ac6/systemworkbench/plugins/fr.ac6.mcu.externaltools.arm-none.win32_1.16.0.201807130628/tools/compiler/bin/../lib/gcc/arm-none-eabi/7.2.1/../../../../arm-none-eabi/lib/thumb/v7e-m/fpv4-sp/hard\libc_nano.a
LOAD c:/ac6/systemworkbench/plugins/fr.ac6.mcu.externaltools.arm-none.win32_1.16.0.201807130628/tools/compiler/bin/../lib/gcc/arm-none-eabi/7.2.1/../../../../arm-none-eabi/lib/thumb/v7e-m/fpv4-sp/hard\libnosys.a
END GROUP
LOAD c:/ac6/systemworkbench/plugins/fr.ac6.mcu.externaltools.arm-none.win32_1.16.0.201807130628/tools/compiler/bin/../lib/gcc/arm-none-eabi/7.2.1/thumb/v7e-m/fpv4-sp/hard/crtend.o
LOAD c:/ac6/systemworkbench/plugins/fr.ac6.mcu.externaltools.arm-none.win32_1.16.0.201807130628/tools/compiler/bin/../lib/gcc/arm-none-eabi/7.2.1/thumb/v7e-m/fpv4-sp/hard/crtn.o
                0x20020000                _estack = 0x20020000
                0x00000200                _Min_Heap_Size = 0x200
                0x00000400                _Min_Stack_Size = 0x400

.isr_vector     0x08000000      0x188
                0x08000000                . = ALIGN (0x4)
 *(.isr_vector)
 .isr_vector    0x08000000      0x188 Application/SW4STM32/startup_stm32f407xx.o
                0x08000000                g_pfnVectors
                0x08000188                . = ALIGN (0x4)

.text           0x08000188     0x1528
                0x08000188                . = ALIGN (0x4)
 *(.text)
 .text          0x08000188       0x40 c:/ac6/systemworkbench/plugins/fr.ac6.mcu.externaltools.arm-none.win32_1.16.0.201807130628/tools/compiler/bin/../lib/gcc/arm-none-eabi/7.2.1/thumb/v7e-m/fpv4-sp/hard/crtbegin.o
 *(.text*)
 .text.Reset_Handler
                0x080001c8       0x50 Application/SW4STM32/startup_stm32f407xx.o
                0x080001c8                Reset_Handler
 .text.Default_Handler
                0x08000218        0x2 Application/SW4STM32/startup_stm32f407xx.o
                0x08000218                RTC_Alarm_IRQHandler
                0x08000218                HASH_RNG_IRQHandler
                0x08000218                EXTI2_IRQHandler
                0x08000218                TIM8_CC_IRQHandler
                0x08000218                DebugMon_Handler
                0x08000218                TIM1_CC_IRQHandler
                0x08000218                DMA2_Stream5_IRQHandler
                0x08000218                HardFault_Handler
                0x08000218                DMA1_Stream5_IRQHandler
                0x08000218                PVD_IRQHandler
                0x08000218                SDIO_IRQHandler
                0x08000218                TAMP_STAMP_IRQHandler
                0x08000218                PendSV_Handler
                0x08000218                NMI_Handler
                0x08000218                CAN2_RX1_IRQHandler
                0x08000218                EXTI3_IRQHandler
                0x08000218                TIM8_TRG_COM_TIM14_IRQHandler
                0x08000218                TIM1_UP_TIM10_IRQHandler
                0x08000218                TIM8_UP_TIM13_IRQHandler
                0x08000218                I2C3_ER_IRQHandler
                0x08000218                EXTI0_IRQHandler
                0x08000218                I2C2_EV_IRQHandler
                0x08000218                DMA1_Stream2_IRQHandler
                0x08000218                CAN1_RX0_IRQHandler
                0x08000218                FPU_IRQHandler
                0x08000218                OTG_HS_WKUP_IRQHandler
                0x08000218                UsageFault_Handler
                0x08000218                CAN2_SCE_IRQHandler
                0x08000218                DMA2_Stream2_IRQHandler
                0x08000218                SPI1_IRQHandler
                0x08000218                TIM6_DAC_IRQHandler
                0x08000218                TIM1_BRK_TIM9_IRQHandler
                0x08000218                DCMI_IRQHandler
                0x08000218                CAN2_RX0_IRQHandler
                0x08000218                DMA2_Stream3_IRQHandler
                0x08000218                USART6_IRQHandler
                0x08000218                USART3_IRQHandler
                0x08000218                CAN1_RX1_IRQHandler
                0x08000218                UART5_IRQHandler
                0x08000218                DMA2_Stream0_IRQHandler
                0x08000218                TIM4_IRQHandler
                0x08000218                I2C1_EV_IRQHandler
                0x08000218                DMA1_Stream6_IRQHandler
                0x08000218                DMA1_Stream1_IRQHandler
                0x08000218                UART4_IRQHandler
                0x08000218                TIM3_IRQHandler
                0x08000218                RCC_IRQHandler
                0x08000218                TIM8_BRK_TIM12_IRQHandler
                0x08000218                Default_Handler
                0x08000218                EXTI15_10_IRQHandler
                0x08000218                ADC_IRQHandler
                0x08000218                DMA1_Stream7_IRQHandler
                0x08000218                TIM7_IRQHandler
                0x08000218                CAN2_TX_IRQHandler
                0x08000218                TIM5_IRQHandler
                0x08000218                DMA2_Stream7_IRQHandler
                0x08000218                I2C3_EV_IRQHandler
                0x08000218                EXTI9_5_IRQHandler
                0x08000218                RTC_WKUP_IRQHandler
                0x08000218                ETH_WKUP_IRQHandler
                0x08000218                SPI2_IRQHandler
                0x08000218                OTG_HS_EP1_IN_IRQHandler
                0x08000218                MemManage_Handler
                0x08000218                DMA1_Stream0_IRQHandler
                0x08000218                CAN1_TX_IRQHandler
                0x08000218                SVC_Handler
                0x08000218                EXTI4_IRQHandler
                0x08000218                FSMC_IRQHandler
                0x08000218                ETH_IRQHandler
                0x08000218                OTG_HS_EP1_OUT_IRQHandler
                0x08000218                WWDG_IRQHandler
                0x08000218                TIM2_IRQHandler
                0x08000218                OTG_FS_WKUP_IRQHandler
                0x08000218                TIM1_TRG_COM_TIM11_IRQHandler
                0x08000218                OTG_HS_IRQHandler
                0x08000218                EXTI1_IRQHandler
                0x08000218                USART2_IRQHandler
                0x08000218                I2C2_ER_IRQHandler
                0x08000218                DMA2_Stream1_IRQHandler
                0x08000218                CAN1_SCE_IRQHandler
                0x08000218                FLASH_IRQHandler
                0x08000218                DMA2_Stream4_IRQHandler
                0x08000218                BusFault_Handler
                0x08000218                USART1_IRQHandler
                0x08000218                OTG_FS_IRQHandler
                0x08000218                SPI3_IRQHandler
                0x08000218                DMA1_Stream4_IRQHandler
                0x08000218                I2C1_ER_IRQHandler
                0x08000218                DMA2_Stream6_IRQHandler
                0x08000218                DMA1_Stream3_IRQHandler
 *fill*         0x0800021a        0x2 
 .text.MX_GPIO_Init
                0x0800021c      0x230 Application/User/main.o
 .text.slr_init
                0x0800044c       0x4c Application/User/main.o
                0x0800044c                slr_init
 .text.intensity_init
                0x08000498       0x4c Application/User/main.o
                0x08000498                intensity_init
 .text.decode_init
                0x080004e4       0x4c Application/User/main.o
                0x080004e4                decode_init
 .text.shutdown_init
                0x08000530       0x4c Application/User/main.o
                0x08000530                shutdown_init
 .text.spi_init
                0x0800057c       0x14 Application/User/main.o
                0x0800057c                spi_init
 .text.transmit
                0x08000590       0x48 Application/User/main.o
                0x08000590                transmit
 .text.display_image_array
                0x080005d8       0x1a Application/User/main.o
                0x080005d8                display_image_array
 .text.set_move
                0x080005f2       0x1e Application/User/main.o
                0x080005f2                set_move
 .text.rest_at  0x08000610       0x7c Application/User/main.o
                0x08000610                rest_at
 .text.clear_screen
                0x0800068c       0x16 Application/User/main.o
                0x0800068c                clear_screen
 .text._Error_Handler
                0x080006a2        0x2 Application/User/main.o
                0x080006a2                _Error_Handler
 .text.MX_SPI2_Init
                0x080006a4       0x50 Application/User/main.o
 .text.SystemClock_Config
                0x080006f4       0xc0 Application/User/main.o
                0x080006f4                SystemClock_Config
 .text.main     0x080007b4       0x58 Application/User/main.o
                0x080007b4                main
 .text.HAL_MspInit
                0x0800080c       0x90 Application/User/stm32f4xx_hal_msp.o
                0x0800080c                HAL_MspInit
 .text.HAL_SPI_MspInit
                0x0800089c       0x50 Application/User/stm32f4xx_hal_msp.o
                0x0800089c                HAL_SPI_MspInit
 .text.SysTick_Handler
                0x080008ec        0xc Application/User/stm32f4xx_it.o
                0x080008ec                SysTick_Handler
 .text.SystemInit
                0x080008f8       0x4c Drivers/CMSIS/system_stm32f4xx.o
                0x080008f8                SystemInit
 .text.HAL_InitTick
                0x08000944       0x28 Drivers/STM32F4xx_HAL_Driver/stm32f4xx_hal.o
                0x08000944                HAL_InitTick
 .text.HAL_Init
                0x0800096c       0x34 Drivers/STM32F4xx_HAL_Driver/stm32f4xx_hal.o
                0x0800096c                HAL_Init
 .text.HAL_IncTick
                0x080009a0       0x10 Drivers/STM32F4xx_HAL_Driver/stm32f4xx_hal.o
                0x080009a0                HAL_IncTick
 .text.HAL_GetTick
                0x080009b0        0xc Drivers/STM32F4xx_HAL_Driver/stm32f4xx_hal.o
                0x080009b0                HAL_GetTick
 .text.HAL_Delay
                0x080009bc       0x1c Drivers/STM32F4xx_HAL_Driver/stm32f4xx_hal.o
                0x080009bc                HAL_Delay
 .text.HAL_NVIC_SetPriorityGrouping
                0x080009d8       0x24 Drivers/STM32F4xx_HAL_Driver/stm32f4xx_hal_cortex.o
                0x080009d8                HAL_NVIC_SetPriorityGrouping
 .text.HAL_NVIC_SetPriority
                0x080009fc       0x68 Drivers/STM32F4xx_HAL_Driver/stm32f4xx_hal_cortex.o
                0x080009fc                HAL_NVIC_SetPriority
 .text.HAL_SYSTICK_Config
                0x08000a64       0x2c Drivers/STM32F4xx_HAL_Driver/stm32f4xx_hal_cortex.o
                0x08000a64                HAL_SYSTICK_Config
 .text.HAL_SYSTICK_CLKSourceConfig
                0x08000a90       0x20 Drivers/STM32F4xx_HAL_Driver/stm32f4xx_hal_cortex.o
                0x08000a90                HAL_SYSTICK_CLKSourceConfig
 .text.HAL_SYSTICK_Callback
                0x08000ab0        0x2 Drivers/STM32F4xx_HAL_Driver/stm32f4xx_hal_cortex.o
                0x08000ab0                HAL_SYSTICK_Callback
 .text.HAL_SYSTICK_IRQHandler
                0x08000ab2        0x8 Drivers/STM32F4xx_HAL_Driver/stm32f4xx_hal_cortex.o
                0x08000ab2                HAL_SYSTICK_IRQHandler
 *fill*         0x08000aba        0x2 
 .text.HAL_GPIO_Init
                0x08000abc      0x1d0 Drivers/STM32F4xx_HAL_Driver/stm32f4xx_hal_gpio.o
                0x08000abc                HAL_GPIO_Init
 .text.HAL_GPIO_WritePin
                0x08000c8c        0xc Drivers/STM32F4xx_HAL_Driver/stm32f4xx_hal_gpio.o
                0x08000c8c                HAL_GPIO_WritePin
 .text.HAL_RCC_OscConfig
                0x08000c98      0x38c Drivers/STM32F4xx_HAL_Driver/stm32f4xx_hal_rcc.o
                0x08000c98                HAL_RCC_OscConfig
 .text.HAL_RCC_ClockConfig
                0x08001024      0x248 Drivers/STM32F4xx_HAL_Driver/stm32f4xx_hal_rcc.o
                0x08001024                HAL_RCC_ClockConfig
 .text.HAL_RCC_GetSysClockFreq
                0x0800126c       0x94 Drivers/STM32F4xx_HAL_Driver/stm32f4xx_hal_rcc.o
                0x0800126c                HAL_RCC_GetSysClockFreq
 .text.HAL_RCC_GetHCLKFreq
                0x08001300       0x34 Drivers/STM32F4xx_HAL_Driver/stm32f4xx_hal_rcc.o
                0x08001300                HAL_RCC_GetHCLKFreq
 .text.SPI_WaitOnFlagUntilTimeout
                0x08001334       0xde Drivers/STM32F4xx_HAL_Driver/stm32f4xx_hal_spi.o
 .text.HAL_SPI_Init
                0x08001412       0x82 Drivers/STM32F4xx_HAL_Driver/stm32f4xx_hal_spi.o
                0x08001412                HAL_SPI_Init
 .text.HAL_SPI_Transmit
                0x08001494      0x1ba Drivers/STM32F4xx_HAL_Driver/stm32f4xx_hal_spi.o
                0x08001494                HAL_SPI_Transmit
 *fill*         0x0800164e        0x2 
 .text.__libc_init_array
                0x08001650       0x48 c:/ac6/systemworkbench/plugins/fr.ac6.mcu.externaltools.arm-none.win32_1.16.0.201807130628/tools/compiler/bin/../lib/gcc/arm-none-eabi/7.2.1/../../../../arm-none-eabi/lib/thumb/v7e-m/fpv4-sp/hard\libc_nano.a(lib_a-init.o)
                0x08001650                __libc_init_array
 *(.glue_7)
 .glue_7        0x08001698        0x0 linker stubs
 *(.glue_7t)
 .glue_7t       0x08001698        0x0 linker stubs
 *(.eh_frame)
 .eh_frame      0x08001698        0x0 c:/ac6/systemworkbench/plugins/fr.ac6.mcu.externaltools.arm-none.win32_1.16.0.201807130628/tools/compiler/bin/../lib/gcc/arm-none-eabi/7.2.1/thumb/v7e-m/fpv4-sp/hard/crtbegin.o
 *(.init)
 .init          0x08001698        0x4 c:/ac6/systemworkbench/plugins/fr.ac6.mcu.externaltools.arm-none.win32_1.16.0.201807130628/tools/compiler/bin/../lib/gcc/arm-none-eabi/7.2.1/thumb/v7e-m/fpv4-sp/hard/crti.o
                0x08001698                _init
 .init          0x0800169c        0x8 c:/ac6/systemworkbench/plugins/fr.ac6.mcu.externaltools.arm-none.win32_1.16.0.201807130628/tools/compiler/bin/../lib/gcc/arm-none-eabi/7.2.1/thumb/v7e-m/fpv4-sp/hard/crtn.o
 *(.fini)
 .fini          0x080016a4        0x4 c:/ac6/systemworkbench/plugins/fr.ac6.mcu.externaltools.arm-none.win32_1.16.0.201807130628/tools/compiler/bin/../lib/gcc/arm-none-eabi/7.2.1/thumb/v7e-m/fpv4-sp/hard/crti.o
                0x080016a4                _fini
 .fini          0x080016a8        0x8 c:/ac6/systemworkbench/plugins/fr.ac6.mcu.externaltools.arm-none.win32_1.16.0.201807130628/tools/compiler/bin/../lib/gcc/arm-none-eabi/7.2.1/thumb/v7e-m/fpv4-sp/hard/crtn.o
                0x080016b0                . = ALIGN (0x4)
                0x080016b0                _etext = .

.vfp11_veneer   0x080016b0        0x0
 .vfp11_veneer  0x080016b0        0x0 linker stubs

.v4_bx          0x080016b0        0x0
 .v4_bx         0x080016b0        0x0 linker stubs

.iplt           0x080016b0        0x0
 .iplt          0x080016b0        0x0 c:/ac6/systemworkbench/plugins/fr.ac6.mcu.externaltools.arm-none.win32_1.16.0.201807130628/tools/compiler/bin/../lib/gcc/arm-none-eabi/7.2.1/thumb/v7e-m/fpv4-sp/hard/crtbegin.o

.rodata         0x080016b0       0x84
                0x080016b0                . = ALIGN (0x4)
 *(.rodata)
 .rodata        0x080016b0       0x14 Application/User/main.o
 .rodata        0x080016c4       0x10 Drivers/STM32F4xx_HAL_Driver/stm32f4xx_hal_rcc.o
                0x080016c4                APBAHBPrescTable
 *(.rodata*)
 .rodata.str1.4
                0x080016d4       0x60 Application/User/main.o
                                 0x5e (size before relaxing)
                0x08001734                . = ALIGN (0x4)

.rel.dyn        0x08001734        0x0
 .rel.iplt      0x08001734        0x0 c:/ac6/systemworkbench/plugins/fr.ac6.mcu.externaltools.arm-none.win32_1.16.0.201807130628/tools/compiler/bin/../lib/gcc/arm-none-eabi/7.2.1/thumb/v7e-m/fpv4-sp/hard/crtbegin.o

.ARM.extab
 *(.ARM.extab* .gnu.linkonce.armextab.*)

.ARM            0x08001734        0x0
                0x08001734                __exidx_start = .
 *(.ARM.exidx*)
                0x08001734                __exidx_end = .

.preinit_array  0x08001734        0x0
                0x08001734                PROVIDE (__preinit_array_start, .)
 *(.preinit_array*)
                0x08001734                PROVIDE (__preinit_array_end, .)

.init_array     0x08001734        0x4
                0x08001734                PROVIDE (__init_array_start, .)
 *(SORT_BY_NAME(.init_array.*))
 *(.init_array*)
 .init_array    0x08001734        0x4 c:/ac6/systemworkbench/plugins/fr.ac6.mcu.externaltools.arm-none.win32_1.16.0.201807130628/tools/compiler/bin/../lib/gcc/arm-none-eabi/7.2.1/thumb/v7e-m/fpv4-sp/hard/crtbegin.o
                0x08001738                PROVIDE (__init_array_end, .)

.fini_array     0x08001738        0x4
                [!provide]                PROVIDE (__fini_array_start, .)
 *(SORT_BY_NAME(.fini_array.*))
 *(.fini_array*)
 .fini_array    0x08001738        0x4 c:/ac6/systemworkbench/plugins/fr.ac6.mcu.externaltools.arm-none.win32_1.16.0.201807130628/tools/compiler/bin/../lib/gcc/arm-none-eabi/7.2.1/thumb/v7e-m/fpv4-sp/hard/crtbegin.o
                [!provide]                PROVIDE (__fini_array_end, .)
                0x0800173c                _sidata = LOADADDR (.data)

.data           0x20000000        0x4 load address 0x0800173c
                0x20000000                . = ALIGN (0x4)
                0x20000000                _sdata = .
 *(.data)
 .data          0x20000000        0x4 Drivers/CMSIS/system_stm32f4xx.o
                0x20000000                SystemCoreClock
 *(.data*)
                0x20000004                . = ALIGN (0x4)
                0x20000004                _edata = .
                0x08001740                _siccmram = LOADADDR (.ccmram)

.igot.plt       0x20000004        0x0 load address 0x08001740
 .igot.plt      0x20000004        0x0 c:/ac6/systemworkbench/plugins/fr.ac6.mcu.externaltools.arm-none.win32_1.16.0.201807130628/tools/compiler/bin/../lib/gcc/arm-none-eabi/7.2.1/thumb/v7e-m/fpv4-sp/hard/crtbegin.o

.ccmram         0x10000000        0x0 load address 0x08001740
                0x10000000                . = ALIGN (0x4)
                0x10000000                _sccmram = .
 *(.ccmram)
 *(.ccmram*)
                0x10000000                . = ALIGN (0x4)
                0x10000000                _eccmram = .
                0x10000000                . = ALIGN (0x4)

.bss            0x20000004       0x78
                0x20000004                _sbss = .
                0x20000004                __bss_start__ = _sbss
 *(.bss)
 .bss           0x20000004       0x1c c:/ac6/systemworkbench/plugins/fr.ac6.mcu.externaltools.arm-none.win32_1.16.0.201807130628/tools/compiler/bin/../lib/gcc/arm-none-eabi/7.2.1/thumb/v7e-m/fpv4-sp/hard/crtbegin.o
 .bss           0x20000020        0x4 Drivers/STM32F4xx_HAL_Driver/stm32f4xx_hal.o
 *(.bss*)
 *(COMMON)
 COMMON         0x20000024       0x58 Application/User/main.o
                0x20000024                hspi2
                0x2000007c                . = ALIGN (0x4)
                0x2000007c                _ebss = .
                0x2000007c                __bss_end__ = _ebss

._user_heap_stack
                0x2000007c      0x604
                0x20000080                . = ALIGN (0x8)
 *fill*         0x2000007c        0x4 
                [!provide]                PROVIDE (end, .)
                [!provide]                PROVIDE (_end, .)
                0x20000280                . = (. + _Min_Heap_Size)
 *fill*         0x20000080      0x200 
                0x20000680                . = (. + _Min_Stack_Size)
 *fill*         0x20000280      0x400 
                0x20000680                . = ALIGN (0x8)

/DISCARD/
 libc.a(*)
 libm.a(*)
 libgcc.a(*)

.ARM.attributes
                0x00000000       0x30
 *(.ARM.attributes)
 .ARM.attributes
                0x00000000       0x22 c:/ac6/systemworkbench/plugins/fr.ac6.mcu.externaltools.arm-none.win32_1.16.0.201807130628/tools/compiler/bin/../lib/gcc/arm-none-eabi/7.2.1/thumb/v7e-m/fpv4-sp/hard/crti.o
 .ARM.attributes
                0x00000022       0x34 c:/ac6/systemworkbench/plugins/fr.ac6.mcu.externaltools.arm-none.win32_1.16.0.201807130628/tools/compiler/bin/../lib/gcc/arm-none-eabi/7.2.1/thumb/v7e-m/fpv4-sp/hard/crtbegin.o
 .ARM.attributes
                0x00000056       0x21 Application/SW4STM32/startup_stm32f407xx.o
 .ARM.attributes
                0x00000077       0x39 Application/User/main.o
 .ARM.attributes
                0x000000b0       0x39 Application/User/stm32f4xx_hal_msp.o
 .ARM.attributes
                0x000000e9       0x39 Application/User/stm32f4xx_it.o
 .ARM.attributes
                0x00000122       0x39 Drivers/CMSIS/system_stm32f4xx.o
 .ARM.attributes
                0x0000015b       0x39 Drivers/STM32F4xx_HAL_Driver/stm32f4xx_hal.o
 .ARM.attributes
                0x00000194       0x39 Drivers/STM32F4xx_HAL_Driver/stm32f4xx_hal_cortex.o
 .ARM.attributes
                0x000001cd       0x39 Drivers/STM32F4xx_HAL_Driver/stm32f4xx_hal_gpio.o
 .ARM.attributes
                0x00000206       0x39 Drivers/STM32F4xx_HAL_Driver/stm32f4xx_hal_rcc.o
 .ARM.attributes
                0x0000023f       0x39 Drivers/STM32F4xx_HAL_Driver/stm32f4xx_hal_spi.o
 .ARM.attributes
                0x00000278       0x34 c:/ac6/systemworkbench/plugins/fr.ac6.mcu.externaltools.arm-none.win32_1.16.0.201807130628/tools/compiler/bin/../lib/gcc/arm-none-eabi/7.2.1/../../../../arm-none-eabi/lib/thumb/v7e-m/fpv4-sp/hard\libc_nano.a(lib_a-init.o)
 .ARM.attributes
                0x000002ac       0x22 c:/ac6/systemworkbench/plugins/fr.ac6.mcu.externaltools.arm-none.win32_1.16.0.201807130628/tools/compiler/bin/../lib/gcc/arm-none-eabi/7.2.1/thumb/v7e-m/fpv4-sp/hard/crtn.o
OUTPUT(test_SPI_1.elf elf32-littlearm)

.debug_line     0x00000000     0x620f
 .debug_line    0x00000000       0xd0 Application/SW4STM32/startup_stm32f407xx.o
 .debug_line    0x000000d0      0xac2 Application/User/main.o
 .debug_line    0x00000b92      0x8d6 Application/User/stm32f4xx_hal_msp.o
 .debug_line    0x00001468      0x8a6 Application/User/stm32f4xx_it.o
 .debug_line    0x00001d0e      0x8cb Drivers/CMSIS/system_stm32f4xx.o
 .debug_line    0x000025d9      0xa42 Drivers/STM32F4xx_HAL_Driver/stm32f4xx_hal.o
 .debug_line    0x0000301b      0xa9e Drivers/STM32F4xx_HAL_Driver/stm32f4xx_hal_cortex.o
 .debug_line    0x00003ab9      0xa31 Drivers/STM32F4xx_HAL_Driver/stm32f4xx_hal_gpio.o
 .debug_line    0x000044ea      0xbaf Drivers/STM32F4xx_HAL_Driver/stm32f4xx_hal_rcc.o
 .debug_line    0x00005099     0x1176 Drivers/STM32F4xx_HAL_Driver/stm32f4xx_hal_spi.o

.debug_info     0x00000000     0xb5f4
 .debug_info    0x00000000       0x22 Application/SW4STM32/startup_stm32f407xx.o
 .debug_info    0x00000022     0x2043 Application/User/main.o
 .debug_info    0x00002065     0x148a Application/User/stm32f4xx_hal_msp.o
 .debug_info    0x000034ef      0x920 Application/User/stm32f4xx_it.o
 .debug_info    0x00003e0f      0xcf5 Drivers/CMSIS/system_stm32f4xx.o
 .debug_info    0x00004b04     0x111b Drivers/STM32F4xx_HAL_Driver/stm32f4xx_hal.o
 .debug_info    0x00005c1f     0x168b Drivers/STM32F4xx_HAL_Driver/stm32f4xx_hal_cortex.o
 .debug_info    0x000072aa      0xf4e Drivers/STM32F4xx_HAL_Driver/stm32f4xx_hal_gpio.o
 .debug_info    0x000081f8     0x1538 Drivers/STM32F4xx_HAL_Driver/stm32f4xx_hal_rcc.o
 .debug_info    0x00009730     0x1ec4 Drivers/STM32F4xx_HAL_Driver/stm32f4xx_hal_spi.o

.debug_abbrev   0x00000000     0x19d7
 .debug_abbrev  0x00000000       0x12 Application/SW4STM32/startup_stm32f407xx.o
 .debug_abbrev  0x00000012      0x35c Application/User/main.o
 .debug_abbrev  0x0000036e      0x254 Application/User/stm32f4xx_hal_msp.o
 .debug_abbrev  0x000005c2      0x1e0 Application/User/stm32f4xx_it.o
 .debug_abbrev  0x000007a2      0x216 Drivers/CMSIS/system_stm32f4xx.o
 .debug_abbrev  0x000009b8      0x329 Drivers/STM32F4xx_HAL_Driver/stm32f4xx_hal.o
 .debug_abbrev  0x00000ce1      0x3d6 Drivers/STM32F4xx_HAL_Driver/stm32f4xx_hal_cortex.o
 .debug_abbrev  0x000010b7      0x2a7 Drivers/STM32F4xx_HAL_Driver/stm32f4xx_hal_gpio.o
 .debug_abbrev  0x0000135e      0x369 Drivers/STM32F4xx_HAL_Driver/stm32f4xx_hal_rcc.o
 .debug_abbrev  0x000016c7      0x310 Drivers/STM32F4xx_HAL_Driver/stm32f4xx_hal_spi.o

.debug_aranges  0x00000000      0x4c8
 .debug_aranges
                0x00000000       0x28 Application/SW4STM32/startup_stm32f407xx.o
 .debug_aranges
                0x00000028       0x98 Application/User/main.o
 .debug_aranges
                0x000000c0       0x30 Application/User/stm32f4xx_hal_msp.o
 .debug_aranges
                0x000000f0       0x20 Application/User/stm32f4xx_it.o
 .debug_aranges
                0x00000110       0x28 Drivers/CMSIS/system_stm32f4xx.o
 .debug_aranges
                0x00000138       0xc0 Drivers/STM32F4xx_HAL_Driver/stm32f4xx_hal.o
 .debug_aranges
                0x000001f8       0x98 Drivers/STM32F4xx_HAL_Driver/stm32f4xx_hal_cortex.o
 .debug_aranges
                0x00000290       0x58 Drivers/STM32F4xx_HAL_Driver/stm32f4xx_hal_gpio.o
 .debug_aranges
                0x000002e8       0x88 Drivers/STM32F4xx_HAL_Driver/stm32f4xx_hal_rcc.o
 .debug_aranges
                0x00000370      0x158 Drivers/STM32F4xx_HAL_Driver/stm32f4xx_hal_spi.o

.debug_str      0x00000000    0x723ea
 .debug_str     0x00000000       0xee Application/SW4STM32/startup_stm32f407xx.o
 .debug_str     0x000000ee    0x70f68 Application/User/main.o
                              0x71359 (size before relaxing)
 .debug_str     0x00071056       0xcb Application/User/stm32f4xx_hal_msp.o
                              0x7105d (size before relaxing)
 .debug_str     0x00071121       0xab Application/User/stm32f4xx_it.o
                              0x70521 (size before relaxing)
 .debug_str     0x000711cc      0x10f Drivers/CMSIS/system_stm32f4xx.o
                              0x706a1 (size before relaxing)
 .debug_str     0x000712db      0x4ba Drivers/STM32F4xx_HAL_Driver/stm32f4xx_hal.o
                              0x710ae (size before relaxing)
 .debug_str     0x00071795      0x363 Drivers/STM32F4xx_HAL_Driver/stm32f4xx_hal_cortex.o
                              0x70f12 (size before relaxing)
 .debug_str     0x00071af8      0x27f Drivers/STM32F4xx_HAL_Driver/stm32f4xx_hal_gpio.o
                              0x7092f (size before relaxing)
 .debug_str     0x00071d77      0x27c Drivers/STM32F4xx_HAL_Driver/stm32f4xx_hal_rcc.o
                              0x70ac4 (size before relaxing)
 .debug_str     0x00071ff3      0x3f7 Drivers/STM32F4xx_HAL_Driver/stm32f4xx_hal_spi.o
                              0x70dbc (size before relaxing)

.debug_ranges   0x00000000      0x4a8
 .debug_ranges  0x00000000       0x20 Application/SW4STM32/startup_stm32f407xx.o
 .debug_ranges  0x00000020       0xa0 Application/User/main.o
 .debug_ranges  0x000000c0       0x20 Application/User/stm32f4xx_hal_msp.o
 .debug_ranges  0x000000e0       0x10 Application/User/stm32f4xx_it.o
 .debug_ranges  0x000000f0       0x18 Drivers/CMSIS/system_stm32f4xx.o
 .debug_ranges  0x00000108       0xb0 Drivers/STM32F4xx_HAL_Driver/stm32f4xx_hal.o
 .debug_ranges  0x000001b8       0xe8 Drivers/STM32F4xx_HAL_Driver/stm32f4xx_hal_cortex.o
 .debug_ranges  0x000002a0       0x48 Drivers/STM32F4xx_HAL_Driver/stm32f4xx_hal_gpio.o
 .debug_ranges  0x000002e8       0x78 Drivers/STM32F4xx_HAL_Driver/stm32f4xx_hal_rcc.o
 .debug_ranges  0x00000360      0x148 Drivers/STM32F4xx_HAL_Driver/stm32f4xx_hal_spi.o

.debug_loc      0x00000000     0x2b20
 .debug_loc     0x00000000      0x1f7 Application/User/main.o
 .debug_loc     0x000001f7       0x5b Application/User/stm32f4xx_hal_msp.o
 .debug_loc     0x00000252      0x13e Drivers/CMSIS/system_stm32f4xx.o
 .debug_loc     0x00000390       0x92 Drivers/STM32F4xx_HAL_Driver/stm32f4xx_hal.o
 .debug_loc     0x00000422      0x5ad Drivers/STM32F4xx_HAL_Driver/stm32f4xx_hal_cortex.o
 .debug_loc     0x000009cf      0x469 Drivers/STM32F4xx_HAL_Driver/stm32f4xx_hal_gpio.o
 .debug_loc     0x00000e38      0x5e8 Drivers/STM32F4xx_HAL_Driver/stm32f4xx_hal_rcc.o
 .debug_loc     0x00001420     0x1700 Drivers/STM32F4xx_HAL_Driver/stm32f4xx_hal_spi.o

.debug_macro    0x00000000    0x12d74
 .debug_macro   0x00000000      0x301 Application/User/main.o
 .debug_macro   0x00000301      0xa60 Application/User/main.o
 .debug_macro   0x00000d61       0x10 Application/User/main.o
 .debug_macro   0x00000d71      0x17a Application/User/main.o
 .debug_macro   0x00000eeb       0x2e Application/User/main.o
 .debug_macro   0x00000f19       0x28 Application/User/main.o
 .debug_macro   0x00000f41       0x3b Application/User/main.o
 .debug_macro   0x00000f7c       0x22 Application/User/main.o
 .debug_macro   0x00000f9e       0x87 Application/User/main.o
 .debug_macro   0x00001025       0x51 Application/User/main.o
 .debug_macro   0x00001076       0xef Application/User/main.o
 .debug_macro   0x00001165       0x6a Application/User/main.o
 .debug_macro   0x000011cf      0x1df Application/User/main.o
 .debug_macro   0x000013ae       0x34 Application/User/main.o
 .debug_macro   0x000013e2       0x26 Application/User/main.o
 .debug_macro   0x00001408      0xe43 Application/User/main.o
 .debug_macro   0x0000224b     0x9335 Application/User/main.o
 .debug_macro   0x0000b580       0x43 Application/User/main.o
 .debug_macro   0x0000b5c3     0x3222 Application/User/main.o
 .debug_macro   0x0000e7e5       0x58 Application/User/main.o
 .debug_macro   0x0000e83d       0x17 Application/User/main.o
 .debug_macro   0x0000e854       0x35 Application/User/main.o
 .debug_macro   0x0000e889       0x9c Application/User/main.o
 .debug_macro   0x0000e925       0x16 Application/User/main.o
 .debug_macro   0x0000e93b       0x97 Application/User/main.o
 .debug_macro   0x0000e9d2      0x330 Application/User/main.o
 .debug_macro   0x0000ed02       0xfd Application/User/main.o
 .debug_macro   0x0000edff       0x10 Application/User/main.o
 .debug_macro   0x0000ee0f       0x58 Application/User/main.o
 .debug_macro   0x0000ee67       0x1f Application/User/main.o
 .debug_macro   0x0000ee86       0x43 Application/User/main.o
 .debug_macro   0x0000eec9       0x20 Application/User/main.o
 .debug_macro   0x0000eee9      0x18e Application/User/main.o
 .debug_macro   0x0000f077       0x10 Application/User/main.o
 .debug_macro   0x0000f087       0x1c Application/User/main.o
 .debug_macro   0x0000f0a3       0x52 Application/User/main.o
 .debug_macro   0x0000f0f5       0x40 Application/User/main.o
 .debug_macro   0x0000f135       0x10 Application/User/main.o
 .debug_macro   0x0000f145       0x40 Application/User/main.o
 .debug_macro   0x0000f185       0xd7 Application/User/main.o
 .debug_macro   0x0000f25c       0x1c Application/User/main.o
 .debug_macro   0x0000f278       0x3d Application/User/main.o
 .debug_macro   0x0000f2b5       0x16 Application/User/main.o
 .debug_macro   0x0000f2cb      0x16f Application/User/main.o
 .debug_macro   0x0000f43a       0x50 Application/User/main.o
 .debug_macro   0x0000f48a      0x71f Application/User/main.o
 .debug_macro   0x0000fba9      0x8b5 Application/User/main.o
 .debug_macro   0x0001045e      0x11e Application/User/main.o
 .debug_macro   0x0001057c      0x13e Application/User/main.o
 .debug_macro   0x000106ba       0x27 Application/User/main.o
 .debug_macro   0x000106e1      0x272 Application/User/main.o
 .debug_macro   0x00010953       0x5f Application/User/main.o
 .debug_macro   0x000109b2      0x241 Application/User/main.o
 .debug_macro   0x00010bf3      0x13a Application/User/main.o
 .debug_macro   0x00010d2d      0x21e Application/User/main.o
 .debug_macro   0x00010f4b       0x2e Application/User/main.o
 .debug_macro   0x00010f79      0x11e Application/User/main.o
 .debug_macro   0x00011097       0x7f Application/User/main.o
 .debug_macro   0x00011116       0x89 Application/User/main.o
 .debug_macro   0x0001119f      0x202 Application/User/main.o
 .debug_macro   0x000113a1      0x125 Application/User/main.o
 .debug_macro   0x000114c6      0x2fd Application/User/stm32f4xx_hal_msp.o
 .debug_macro   0x000117c3      0x307 Application/User/stm32f4xx_it.o
 .debug_macro   0x00011aca      0x303 Drivers/CMSIS/system_stm32f4xx.o
 .debug_macro   0x00011dcd      0x34b Drivers/STM32F4xx_HAL_Driver/stm32f4xx_hal.o
 .debug_macro   0x00012118      0x2fd Drivers/STM32F4xx_HAL_Driver/stm32f4xx_hal_cortex.o
 .debug_macro   0x00012415      0x335 Drivers/STM32F4xx_HAL_Driver/stm32f4xx_hal_gpio.o
 .debug_macro   0x0001274a      0x327 Drivers/STM32F4xx_HAL_Driver/stm32f4xx_hal_rcc.o
 .debug_macro   0x00012a71      0x303 Drivers/STM32F4xx_HAL_Driver/stm32f4xx_hal_spi.o

.comment        0x00000000       0x7e
 .comment       0x00000000       0x7e Application/User/main.o
                                 0x7f (size before relaxing)
 .comment       0x0000007e       0x7f Application/User/stm32f4xx_hal_msp.o
 .comment       0x0000007e       0x7f Application/User/stm32f4xx_it.o
 .comment       0x0000007e       0x7f Drivers/CMSIS/system_stm32f4xx.o
 .comment       0x0000007e       0x7f Drivers/STM32F4xx_HAL_Driver/stm32f4xx_hal.o
 .comment       0x0000007e       0x7f Drivers/STM32F4xx_HAL_Driver/stm32f4xx_hal_cortex.o
 .comment       0x0000007e       0x7f Drivers/STM32F4xx_HAL_Driver/stm32f4xx_hal_gpio.o
 .comment       0x0000007e       0x7f Drivers/STM32F4xx_HAL_Driver/stm32f4xx_hal_rcc.o
 .comment       0x0000007e       0x7f Drivers/STM32F4xx_HAL_Driver/stm32f4xx_hal_spi.o

.debug_frame    0x00000000      0xba4
 .debug_frame   0x00000000      0x1e8 Application/User/main.o
 .debug_frame   0x000001e8       0x60 Application/User/stm32f4xx_hal_msp.o
 .debug_frame   0x00000248       0x28 Application/User/stm32f4xx_it.o
 .debug_frame   0x00000270       0x30 Drivers/CMSIS/system_stm32f4xx.o
 .debug_frame   0x000002a0      0x188 Drivers/STM32F4xx_HAL_Driver/stm32f4xx_hal.o
 .debug_frame   0x00000428      0x13c Drivers/STM32F4xx_HAL_Driver/stm32f4xx_hal_cortex.o
 .debug_frame   0x00000564       0xd8 Drivers/STM32F4xx_HAL_Driver/stm32f4xx_hal_gpio.o
 .debug_frame   0x0000063c      0x144 Drivers/STM32F4xx_HAL_Driver/stm32f4xx_hal_rcc.o
 .debug_frame   0x00000780      0x3f8 Drivers/STM32F4xx_HAL_Driver/stm32f4xx_hal_spi.o
 .debug_frame   0x00000b78       0x2c c:/ac6/systemworkbench/plugins/fr.ac6.mcu.externaltools.arm-none.win32_1.16.0.201807130628/tools/compiler/bin/../lib/gcc/arm-none-eabi/7.2.1/../../../../arm-none-eabi/lib/thumb/v7e-m/fpv4-sp/hard\libc_nano.a(lib_a-init.o)
