Archive member included to satisfy reference by file (symbol)

c:/ac6/systemworkbench/plugins/fr.ac6.mcu.externaltools.arm-none.win32_1.16.0.201807130628/tools/compiler/bin/../lib/gcc/arm-none-eabi/7.2.1/../../../../arm-none-eabi/lib/thumb/v7e-m/fpv4-sp/hard\libc_nano.a(lib_a-div.o)
                              Application/User/main.o (div)
c:/ac6/systemworkbench/plugins/fr.ac6.mcu.externaltools.arm-none.win32_1.16.0.201807130628/tools/compiler/bin/../lib/gcc/arm-none-eabi/7.2.1/../../../../arm-none-eabi/lib/thumb/v7e-m/fpv4-sp/hard\libc_nano.a(lib_a-exit.o)
                              c:/ac6/systemworkbench/plugins/fr.ac6.mcu.externaltools.arm-none.win32_1.16.0.201807130628/tools/compiler/bin/../lib/gcc/arm-none-eabi/7.2.1/../../../../arm-none-eabi/lib/thumb/v7e-m/fpv4-sp/hard/crt0.o (exit)
c:/ac6/systemworkbench/plugins/fr.ac6.mcu.externaltools.arm-none.win32_1.16.0.201807130628/tools/compiler/bin/../lib/gcc/arm-none-eabi/7.2.1/../../../../arm-none-eabi/lib/thumb/v7e-m/fpv4-sp/hard\libc_nano.a(lib_a-impure.o)
                              c:/ac6/systemworkbench/plugins/fr.ac6.mcu.externaltools.arm-none.win32_1.16.0.201807130628/tools/compiler/bin/../lib/gcc/arm-none-eabi/7.2.1/../../../../arm-none-eabi/lib/thumb/v7e-m/fpv4-sp/hard\libc_nano.a(lib_a-exit.o) (_global_impure_ptr)
c:/ac6/systemworkbench/plugins/fr.ac6.mcu.externaltools.arm-none.win32_1.16.0.201807130628/tools/compiler/bin/../lib/gcc/arm-none-eabi/7.2.1/../../../../arm-none-eabi/lib/thumb/v7e-m/fpv4-sp/hard\libc_nano.a(lib_a-init.o)
                              c:/ac6/systemworkbench/plugins/fr.ac6.mcu.externaltools.arm-none.win32_1.16.0.201807130628/tools/compiler/bin/../lib/gcc/arm-none-eabi/7.2.1/../../../../arm-none-eabi/lib/thumb/v7e-m/fpv4-sp/hard/crt0.o (__libc_init_array)
c:/ac6/systemworkbench/plugins/fr.ac6.mcu.externaltools.arm-none.win32_1.16.0.201807130628/tools/compiler/bin/../lib/gcc/arm-none-eabi/7.2.1/../../../../arm-none-eabi/lib/thumb/v7e-m/fpv4-sp/hard\libc_nano.a(lib_a-memset.o)
                              c:/ac6/systemworkbench/plugins/fr.ac6.mcu.externaltools.arm-none.win32_1.16.0.201807130628/tools/compiler/bin/../lib/gcc/arm-none-eabi/7.2.1/../../../../arm-none-eabi/lib/thumb/v7e-m/fpv4-sp/hard/crt0.o (memset)
c:/ac6/systemworkbench/plugins/fr.ac6.mcu.externaltools.arm-none.win32_1.16.0.201807130628/tools/compiler/bin/../lib/gcc/arm-none-eabi/7.2.1/../../../../arm-none-eabi/lib/thumb/v7e-m/fpv4-sp/hard\libnosys.a(_exit.o)
                              c:/ac6/systemworkbench/plugins/fr.ac6.mcu.externaltools.arm-none.win32_1.16.0.201807130628/tools/compiler/bin/../lib/gcc/arm-none-eabi/7.2.1/../../../../arm-none-eabi/lib/thumb/v7e-m/fpv4-sp/hard\libc_nano.a(lib_a-exit.o) (_exit)

Allocating common symbols
Common symbol       size              file

hspi2               0x58              Application/User/main.o
hadc2               0x44              Application/User/main.o
pFlash              0x20              Drivers/STM32F4xx_HAL_Driver/stm32f4xx_hal_flash.o
hadc1               0x44              Application/User/main.o

Discarded input sections

 .text          0x00000000        0x0 c:/ac6/systemworkbench/plugins/fr.ac6.mcu.externaltools.arm-none.win32_1.16.0.201807130628/tools/compiler/bin/../lib/gcc/arm-none-eabi/7.2.1/thumb/v7e-m/fpv4-sp/hard/crti.o
 .data          0x00000000        0x0 c:/ac6/systemworkbench/plugins/fr.ac6.mcu.externaltools.arm-none.win32_1.16.0.201807130628/tools/compiler/bin/../lib/gcc/arm-none-eabi/7.2.1/thumb/v7e-m/fpv4-sp/hard/crti.o
 .bss           0x00000000        0x0 c:/ac6/systemworkbench/plugins/fr.ac6.mcu.externaltools.arm-none.win32_1.16.0.201807130628/tools/compiler/bin/../lib/gcc/arm-none-eabi/7.2.1/thumb/v7e-m/fpv4-sp/hard/crti.o
 .data          0x00000000        0x4 c:/ac6/systemworkbench/plugins/fr.ac6.mcu.externaltools.arm-none.win32_1.16.0.201807130628/tools/compiler/bin/../lib/gcc/arm-none-eabi/7.2.1/thumb/v7e-m/fpv4-sp/hard/crtbegin.o
 .text          0x00000000       0x74 c:/ac6/systemworkbench/plugins/fr.ac6.mcu.externaltools.arm-none.win32_1.16.0.201807130628/tools/compiler/bin/../lib/gcc/arm-none-eabi/7.2.1/../../../../arm-none-eabi/lib/thumb/v7e-m/fpv4-sp/hard/crt0.o
 .data          0x00000000        0x0 c:/ac6/systemworkbench/plugins/fr.ac6.mcu.externaltools.arm-none.win32_1.16.0.201807130628/tools/compiler/bin/../lib/gcc/arm-none-eabi/7.2.1/../../../../arm-none-eabi/lib/thumb/v7e-m/fpv4-sp/hard/crt0.o
 .bss           0x00000000        0x0 c:/ac6/systemworkbench/plugins/fr.ac6.mcu.externaltools.arm-none.win32_1.16.0.201807130628/tools/compiler/bin/../lib/gcc/arm-none-eabi/7.2.1/../../../../arm-none-eabi/lib/thumb/v7e-m/fpv4-sp/hard/crt0.o
 .ARM.extab     0x00000000        0x0 c:/ac6/systemworkbench/plugins/fr.ac6.mcu.externaltools.arm-none.win32_1.16.0.201807130628/tools/compiler/bin/../lib/gcc/arm-none-eabi/7.2.1/../../../../arm-none-eabi/lib/thumb/v7e-m/fpv4-sp/hard/crt0.o
[...]
Memory Configuration

Name             Origin             Length             Attributes
RAM              0x20000000         0x00020000         xrw
CCMRAM           0x10000000         0x00010000         rw
FLASH            0x08000000         0x00100000         xr
*default*        0x00000000         0xffffffff

Linker script and memory map

LOAD c:/ac6/systemworkbench/plugins/fr.ac6.mcu.externaltools.arm-none.win32_1.16.0.201807130628/tools/compiler/bin/../lib/gcc/arm-none-eabi/7.2.1/thumb/v7e-m/fpv4-sp/hard/crti.o
LOAD c:/ac6/systemworkbench/plugins/fr.ac6.mcu.externaltools.arm-none.win32_1.16.0.201807130628/tools/compiler/bin/../lib/gcc/arm-none-eabi/7.2.1/thumb/v7e-m/fpv4-sp/hard/crtbegin.o
LOAD c:/ac6/systemworkbench/plugins/fr.ac6.mcu.externaltools.arm-none.win32_1.16.0.201807130628/tools/compiler/bin/../lib/gcc/arm-none-eabi/7.2.1/../../../../arm-none-eabi/lib/thumb/v7e-m/fpv4-sp/hard/crt0.o
LOAD Application/SW4STM32/startup_stm32f407xx.o
LOAD Application/User/main.o
LOAD Application/User/stm32f4xx_hal_msp.o
LOAD Application/User/stm32f4xx_it.o
LOAD Drivers/CMSIS/system_stm32f4xx.o
LOAD Drivers/STM32F4xx_HAL_Driver/stm32f4xx_hal.o
LOAD Drivers/STM32F4xx_HAL_Driver/stm32f4xx_hal_adc.o
LOAD Drivers/STM32F4xx_HAL_Driver/stm32f4xx_hal_adc_ex.o
LOAD Drivers/STM32F4xx_HAL_Driver/stm32f4xx_hal_cortex.o
LOAD Drivers/STM32F4xx_HAL_Driver/stm32f4xx_hal_dma.o
LOAD Drivers/STM32F4xx_HAL_Driver/stm32f4xx_hal_dma_ex.o
LOAD Drivers/STM32F4xx_HAL_Driver/stm32f4xx_hal_flash.o
LOAD Drivers/STM32F4xx_HAL_Driver/stm32f4xx_hal_flash_ex.o
LOAD Drivers/STM32F4xx_HAL_Driver/stm32f4xx_hal_flash_ramfunc.o
LOAD Drivers/STM32F4xx_HAL_Driver/stm32f4xx_hal_gpio.o
LOAD Drivers/STM32F4xx_HAL_Driver/stm32f4xx_hal_pwr.o
LOAD Drivers/STM32F4xx_HAL_Driver/stm32f4xx_hal_pwr_ex.o
LOAD Drivers/STM32F4xx_HAL_Driver/stm32f4xx_hal_rcc.o
LOAD Drivers/STM32F4xx_HAL_Driver/stm32f4xx_hal_rcc_ex.o
LOAD Drivers/STM32F4xx_HAL_Driver/stm32f4xx_hal_spi.o
LOAD Drivers/STM32F4xx_HAL_Driver/stm32f4xx_hal_tim.o
LOAD Drivers/STM32F4xx_HAL_Driver/stm32f4xx_hal_tim_ex.o
LOAD c:/ac6/systemworkbench/plugins/fr.ac6.mcu.externaltools.arm-none.win32_1.16.0.201807130628/tools/compiler/bin/../lib/gcc/arm-none-eabi/7.2.1/../../../../arm-none-eabi/lib/thumb/v7e-m/fpv4-sp/hard\libm.a
START GROUP
LOAD c:/ac6/systemworkbench/plugins/fr.ac6.mcu.externaltools.arm-none.win32_1.16.0.201807130628/tools/compiler/bin/../lib/gcc/arm-none-eabi/7.2.1/thumb/v7e-m/fpv4-sp/hard\libgcc.a
LOAD c:/ac6/systemworkbench/plugins/fr.ac6.mcu.externaltools.arm-none.win32_1.16.0.201807130628/tools/compiler/bin/../lib/gcc/arm-none-eabi/7.2.1/../../../../arm-none-eabi/lib/thumb/v7e-m/fpv4-sp/hard\libc_nano.a
END GROUP
START GROUP
LOAD c:/ac6/systemworkbench/plugins/fr.ac6.mcu.externaltools.arm-none.win32_1.16.0.201807130628/tools/compiler/bin/../lib/gcc/arm-none-eabi/7.2.1/thumb/v7e-m/fpv4-sp/hard\libgcc.a
LOAD c:/ac6/systemworkbench/plugins/fr.ac6.mcu.externaltools.arm-none.win32_1.16.0.201807130628/tools/compiler/bin/../lib/gcc/arm-none-eabi/7.2.1/../../../../arm-none-eabi/lib/thumb/v7e-m/fpv4-sp/hard\libc_nano.a
LOAD c:/ac6/systemworkbench/plugins/fr.ac6.mcu.externaltools.arm-none.win32_1.16.0.201807130628/tools/compiler/bin/../lib/gcc/arm-none-eabi/7.2.1/../../../../arm-none-eabi/lib/thumb/v7e-m/fpv4-sp/hard\libnosys.a
END GROUP
START GROUP
LOAD c:/ac6/systemworkbench/plugins/fr.ac6.mcu.externaltools.arm-none.win32_1.16.0.201807130628/tools/compiler/bin/../lib/gcc/arm-none-eabi/7.2.1/thumb/v7e-m/fpv4-sp/hard\libgcc.a
LOAD c:/ac6/systemworkbench/plugins/fr.ac6.mcu.externaltools.arm-none.win32_1.16.0.201807130628/tools/compiler/bin/../lib/gcc/arm-none-eabi/7.2.1/../../../../arm-none-eabi/lib/thumb/v7e-m/fpv4-sp/hard\libc_nano.a
LOAD c:/ac6/systemworkbench/plugins/fr.ac6.mcu.externaltools.arm-none.win32_1.16.0.201807130628/tools/compiler/bin/../lib/gcc/arm-none-eabi/7.2.1/../../../../arm-none-eabi/lib/thumb/v7e-m/fpv4-sp/hard\libnosys.a
END GROUP
LOAD c:/ac6/systemworkbench/plugins/fr.ac6.mcu.externaltools.arm-none.win32_1.16.0.201807130628/tools/compiler/bin/../lib/gcc/arm-none-eabi/7.2.1/thumb/v7e-m/fpv4-sp/hard/crtend.o
LOAD c:/ac6/systemworkbench/plugins/fr.ac6.mcu.externaltools.arm-none.win32_1.16.0.201807130628/tools/compiler/bin/../lib/gcc/arm-none-eabi/7.2.1/thumb/v7e-m/fpv4-sp/hard/crtn.o
                0x20020000                _estack = 0x20020000
                0x00000200                _Min_Heap_Size = 0x200
                0x00000400                _Min_Stack_Size = 0x400

.isr_vector     0x08000000      0x188
                0x08000000                . = ALIGN (0x4)
 *(.isr_vector)
 .isr_vector    0x08000000      0x188 Application/SW4STM32/startup_stm32f407xx.o
                0x08000000                g_pfnVectors
                0x08000188                . = ALIGN (0x4)

.text           0x08000188     0x1af0
                0x08000188                . = ALIGN (0x4)
 *(.text)
 .text          0x08000188       0x40 c:/ac6/systemworkbench/plugins/fr.ac6.mcu.externaltools.arm-none.win32_1.16.0.201807130628/tools/compiler/bin/../lib/gcc/arm-none-eabi/7.2.1/thumb/v7e-m/fpv4-sp/hard/crtbegin.o
 *(.text*)
 .text.Reset_Handler
                0x080001c8       0x50 Application/SW4STM32/startup_stm32f407xx.o
                0x080001c8                Reset_Handler
 .text.Default_Handler
                0x08000218        0x2 Application/SW4STM32/startup_stm32f407xx.o
                0x08000218                RTC_Alarm_IRQHandler
                0x08000218                HASH_RNG_IRQHandler
                0x08000218                EXTI2_IRQHandler
                0x08000218                TIM8_CC_IRQHandler
                0x08000218                DebugMon_Handler
                0x08000218                TIM1_CC_IRQHandler
                0x08000218                DMA2_Stream5_IRQHandler
                0x08000218                HardFault_Handler
                0x08000218                DMA1_Stream5_IRQHandler
                0x08000218                PVD_IRQHandler
                0x08000218                SDIO_IRQHandler
                0x08000218                TAMP_STAMP_IRQHandler
                0x08000218                PendSV_Handler
                0x08000218                NMI_Handler
                0x08000218                CAN2_RX1_IRQHandler
                0x08000218                EXTI3_IRQHandler
                0x08000218                TIM8_TRG_COM_TIM14_IRQHandler
                0x08000218                TIM1_UP_TIM10_IRQHandler
                0x08000218                TIM8_UP_TIM13_IRQHandler
                0x08000218                I2C3_ER_IRQHandler
                0x08000218                EXTI0_IRQHandler
                0x08000218                I2C2_EV_IRQHandler
                0x08000218                DMA1_Stream2_IRQHandler
                0x08000218                CAN1_RX0_IRQHandler
                0x08000218                FPU_IRQHandler
                0x08000218                OTG_HS_WKUP_IRQHandler
                0x08000218                UsageFault_Handler
                0x08000218                CAN2_SCE_IRQHandler
                0x08000218                DMA2_Stream2_IRQHandler
                0x08000218                SPI1_IRQHandler
                0x08000218                TIM6_DAC_IRQHandler
                0x08000218                TIM1_BRK_TIM9_IRQHandler
                0x08000218                DCMI_IRQHandler
                0x08000218                CAN2_RX0_IRQHandler
                0x08000218                DMA2_Stream3_IRQHandler
                0x08000218                USART6_IRQHandler
                0x08000218                USART3_IRQHandler
                0x08000218                CAN1_RX1_IRQHandler
                0x08000218                UART5_IRQHandler
                0x08000218                DMA2_Stream0_IRQHandler
                0x08000218                TIM4_IRQHandler
                0x08000218                I2C1_EV_IRQHandler
                0x08000218                DMA1_Stream6_IRQHandler
                0x08000218                DMA1_Stream1_IRQHandler
                0x08000218                UART4_IRQHandler
                0x08000218                TIM3_IRQHandler
                0x08000218                RCC_IRQHandler
                0x08000218                TIM8_BRK_TIM12_IRQHandler
                0x08000218                Default_Handler
                0x08000218                EXTI15_10_IRQHandler
                0x08000218                ADC_IRQHandler
                0x08000218                DMA1_Stream7_IRQHandler
                0x08000218                TIM7_IRQHandler
                0x08000218                CAN2_TX_IRQHandler
                0x08000218                TIM5_IRQHandler
                0x08000218                DMA2_Stream7_IRQHandler
                0x08000218                I2C3_EV_IRQHandler
                0x08000218                EXTI9_5_IRQHandler
                0x08000218                RTC_WKUP_IRQHandler
                0x08000218                ETH_WKUP_IRQHandler
                0x08000218                SPI2_IRQHandler
                0x08000218                OTG_HS_EP1_IN_IRQHandler
                0x08000218                MemManage_Handler
                0x08000218                DMA1_Stream0_IRQHandler
                0x08000218                CAN1_TX_IRQHandler
                0x08000218                SVC_Handler
                0x08000218                EXTI4_IRQHandler
                0x08000218                FSMC_IRQHandler
                0x08000218                ETH_IRQHandler
                0x08000218                OTG_HS_EP1_OUT_IRQHandler
                0x08000218                WWDG_IRQHandler
                0x08000218                TIM2_IRQHandler
                0x08000218                OTG_FS_WKUP_IRQHandler
                0x08000218                TIM1_TRG_COM_TIM11_IRQHandler
                0x08000218                OTG_HS_IRQHandler
                0x08000218                EXTI1_IRQHandler
                0x08000218                USART2_IRQHandler
                0x08000218                I2C2_ER_IRQHandler
                0x08000218                DMA2_Stream1_IRQHandler
                0x08000218                CAN1_SCE_IRQHandler
                0x08000218                FLASH_IRQHandler
                0x08000218                DMA2_Stream4_IRQHandler
                0x08000218                BusFault_Handler
                0x08000218                USART1_IRQHandler
                0x08000218                OTG_FS_IRQHandler
                0x08000218                SPI3_IRQHandler
                0x08000218                DMA1_Stream4_IRQHandler
                0x08000218                I2C1_ER_IRQHandler
                0x08000218                DMA2_Stream6_IRQHandler
                0x08000218                DMA1_Stream3_IRQHandler
 *fill*         0x0800021a        0x2 
 .text.MX_GPIO_Init
                0x0800021c      0x23c Application/User/main.o
 .text.slr_init
                0x08000458       0x4c Application/User/main.o
                0x08000458                slr_init
 .text.intensity_init
                0x080004a4       0x4c Application/User/main.o
                0x080004a4                intensity_init
 .text.decode_init
                0x080004f0       0x4c Application/User/main.o
                0x080004f0                decode_init
 .text.shutdown_init
                0x0800053c       0x4c Application/User/main.o
                0x0800053c                shutdown_init
 .text.spi_init
                0x08000588       0x14 Application/User/main.o
                0x08000588                spi_init
 .text.transmit
                0x0800059c       0x48 Application/User/main.o
                0x0800059c                transmit
 .text.display_array_image
                0x080005e4       0x1a Application/User/main.o
                0x080005e4                display_array_image
 .text.rest_at  0x080005fe       0x92 Application/User/main.o
                0x080005fe                rest_at
 .text.set_board
                0x08000690       0x32 Application/User/main.o
                0x08000690                set_board
 .text.draw     0x080006c2       0x2a Application/User/main.o
                0x080006c2                draw
 .text.move     0x080006ec       0x6a Application/User/main.o
                0x080006ec                move
 .text._Error_Handler
                0x08000756        0x2 Application/User/main.o
                0x08000756                _Error_Handler
 .text.MX_SPI2_Init
                0x08000758       0x50 Application/User/main.o
 .text.MX_ADC1_Init
                0x080007a8       0x6c Application/User/main.o
 .text.MX_ADC2_Init
                0x08000814       0x6c Application/User/main.o
 .text.SystemClock_Config
                0x08000880       0xc0 Application/User/main.o
                0x08000880                SystemClock_Config
 .text.main     0x08000940      0x114 Application/User/main.o
                0x08000940                main
 .text.HAL_MspInit
                0x08000a54       0x90 Application/User/stm32f4xx_hal_msp.o
                0x08000a54                HAL_MspInit
 .text.HAL_ADC_MspInit
                0x08000ae4       0x7c Application/User/stm32f4xx_hal_msp.o
                0x08000ae4                HAL_ADC_MspInit
 .text.HAL_SPI_MspInit
                0x08000b60       0x50 Application/User/stm32f4xx_hal_msp.o
                0x08000b60                HAL_SPI_MspInit
 .text.SysTick_Handler
                0x08000bb0        0xc Application/User/stm32f4xx_it.o
                0x08000bb0                SysTick_Handler
 .text.SystemInit
                0x08000bbc       0x4c Drivers/CMSIS/system_stm32f4xx.o
                0x08000bbc                SystemInit
 .text.HAL_InitTick
                0x08000c08       0x28 Drivers/STM32F4xx_HAL_Driver/stm32f4xx_hal.o
                0x08000c08                HAL_InitTick
 .text.HAL_Init
                0x08000c30       0x34 Drivers/STM32F4xx_HAL_Driver/stm32f4xx_hal.o
                0x08000c30                HAL_Init
 .text.HAL_IncTick
                0x08000c64       0x10 Drivers/STM32F4xx_HAL_Driver/stm32f4xx_hal.o
                0x08000c64                HAL_IncTick
 .text.HAL_GetTick
                0x08000c74        0xc Drivers/STM32F4xx_HAL_Driver/stm32f4xx_hal.o
                0x08000c74                HAL_GetTick
 .text.HAL_Delay
                0x08000c80       0x1c Drivers/STM32F4xx_HAL_Driver/stm32f4xx_hal.o
                0x08000c80                HAL_Delay
 .text.ADC_Init
                0x08000c9c      0x13c Drivers/STM32F4xx_HAL_Driver/stm32f4xx_hal_adc.o
 .text.HAL_ADC_Init
                0x08000dd8       0x36 Drivers/STM32F4xx_HAL_Driver/stm32f4xx_hal_adc.o
                0x08000dd8                HAL_ADC_Init
 *fill*         0x08000e0e        0x2 
 .text.HAL_ADC_ConfigChannel
                0x08000e10      0x190 Drivers/STM32F4xx_HAL_Driver/stm32f4xx_hal_adc.o
                0x08000e10                HAL_ADC_ConfigChannel
 .text.HAL_NVIC_SetPriorityGrouping
                0x08000fa0       0x24 Drivers/STM32F4xx_HAL_Driver/stm32f4xx_hal_cortex.o
                0x08000fa0                HAL_NVIC_SetPriorityGrouping
 .text.HAL_NVIC_SetPriority
                0x08000fc4       0x68 Drivers/STM32F4xx_HAL_Driver/stm32f4xx_hal_cortex.o
                0x08000fc4                HAL_NVIC_SetPriority
 .text.HAL_SYSTICK_Config
                0x0800102c       0x2c Drivers/STM32F4xx_HAL_Driver/stm32f4xx_hal_cortex.o
                0x0800102c                HAL_SYSTICK_Config
 .text.HAL_SYSTICK_CLKSourceConfig
                0x08001058       0x20 Drivers/STM32F4xx_HAL_Driver/stm32f4xx_hal_cortex.o
                0x08001058                HAL_SYSTICK_CLKSourceConfig
 .text.HAL_SYSTICK_Callback
                0x08001078        0x2 Drivers/STM32F4xx_HAL_Driver/stm32f4xx_hal_cortex.o
                0x08001078                HAL_SYSTICK_Callback
 .text.HAL_SYSTICK_IRQHandler
                0x0800107a        0x8 Drivers/STM32F4xx_HAL_Driver/stm32f4xx_hal_cortex.o
                0x0800107a                HAL_SYSTICK_IRQHandler
 *fill*         0x08001082        0x2 
 .text.HAL_GPIO_Init
                0x08001084      0x1d0 Drivers/STM32F4xx_HAL_Driver/stm32f4xx_hal_gpio.o
                0x08001084                HAL_GPIO_Init
 .text.HAL_GPIO_WritePin
                0x08001254        0xc Drivers/STM32F4xx_HAL_Driver/stm32f4xx_hal_gpio.o
                0x08001254                HAL_GPIO_WritePin
 .text.HAL_RCC_OscConfig
                0x08001260      0x38c Drivers/STM32F4xx_HAL_Driver/stm32f4xx_hal_rcc.o
                0x08001260                HAL_RCC_OscConfig
 .text.HAL_RCC_ClockConfig
                0x080015ec      0x248 Drivers/STM32F4xx_HAL_Driver/stm32f4xx_hal_rcc.o
                0x080015ec                HAL_RCC_ClockConfig
 .text.HAL_RCC_GetSysClockFreq
                0x08001834       0x94 Drivers/STM32F4xx_HAL_Driver/stm32f4xx_hal_rcc.o
                0x08001834                HAL_RCC_GetSysClockFreq
 .text.HAL_RCC_GetHCLKFreq
                0x080018c8       0x34 Drivers/STM32F4xx_HAL_Driver/stm32f4xx_hal_rcc.o
                0x080018c8                HAL_RCC_GetHCLKFreq
 .text.SPI_WaitOnFlagUntilTimeout
                0x080018fc       0xde Drivers/STM32F4xx_HAL_Driver/stm32f4xx_hal_spi.o
 .text.HAL_SPI_Init
                0x080019da       0x82 Drivers/STM32F4xx_HAL_Driver/stm32f4xx_hal_spi.o
                0x080019da                HAL_SPI_Init
 .text.HAL_SPI_Transmit
                0x08001a5c      0x1ba Drivers/STM32F4xx_HAL_Driver/stm32f4xx_hal_spi.o
                0x08001a5c                HAL_SPI_Transmit
 *fill*         0x08001c16        0x2 
 .text.__libc_init_array
                0x08001c18       0x48 c:/ac6/systemworkbench/plugins/fr.ac6.mcu.externaltools.arm-none.win32_1.16.0.201807130628/tools/compiler/bin/../lib/gcc/arm-none-eabi/7.2.1/../../../../arm-none-eabi/lib/thumb/v7e-m/fpv4-sp/hard\libc_nano.a(lib_a-init.o)
                0x08001c18                __libc_init_array
 *(.glue_7)
 .glue_7        0x08001c60        0x0 linker stubs
 *(.glue_7t)
 .glue_7t       0x08001c60        0x0 linker stubs
 *(.eh_frame)
 .eh_frame      0x08001c60        0x0 c:/ac6/systemworkbench/plugins/fr.ac6.mcu.externaltools.arm-none.win32_1.16.0.201807130628/tools/compiler/bin/../lib/gcc/arm-none-eabi/7.2.1/thumb/v7e-m/fpv4-sp/hard/crtbegin.o
 *(.init)
 .init          0x08001c60        0x4 c:/ac6/systemworkbench/plugins/fr.ac6.mcu.externaltools.arm-none.win32_1.16.0.201807130628/tools/compiler/bin/../lib/gcc/arm-none-eabi/7.2.1/thumb/v7e-m/fpv4-sp/hard/crti.o
                0x08001c60                _init
 .init          0x08001c64        0x8 c:/ac6/systemworkbench/plugins/fr.ac6.mcu.externaltools.arm-none.win32_1.16.0.201807130628/tools/compiler/bin/../lib/gcc/arm-none-eabi/7.2.1/thumb/v7e-m/fpv4-sp/hard/crtn.o
 *(.fini)
 .fini          0x08001c6c        0x4 c:/ac6/systemworkbench/plugins/fr.ac6.mcu.externaltools.arm-none.win32_1.16.0.201807130628/tools/compiler/bin/../lib/gcc/arm-none-eabi/7.2.1/thumb/v7e-m/fpv4-sp/hard/crti.o
                0x08001c6c                _fini
 .fini          0x08001c70        0x8 c:/ac6/systemworkbench/plugins/fr.ac6.mcu.externaltools.arm-none.win32_1.16.0.201807130628/tools/compiler/bin/../lib/gcc/arm-none-eabi/7.2.1/thumb/v7e-m/fpv4-sp/hard/crtn.o
                0x08001c78                . = ALIGN (0x4)
                0x08001c78                _etext = .

.vfp11_veneer   0x08001c78        0x0
 .vfp11_veneer  0x08001c78        0x0 linker stubs

.v4_bx          0x08001c78        0x0
 .v4_bx         0x08001c78        0x0 linker stubs

.iplt           0x08001c78        0x0
 .iplt          0x08001c78        0x0 c:/ac6/systemworkbench/plugins/fr.ac6.mcu.externaltools.arm-none.win32_1.16.0.201807130628/tools/compiler/bin/../lib/gcc/arm-none-eabi/7.2.1/thumb/v7e-m/fpv4-sp/hard/crtbegin.o

.rodata         0x08001c78       0x80
                0x08001c78                . = ALIGN (0x4)
 *(.rodata)
 .rodata        0x08001c78       0x14 Application/User/main.o
 .rodata        0x08001c8c       0x10 Drivers/STM32F4xx_HAL_Driver/stm32f4xx_hal_rcc.o
                0x08001c8c                APBAHBPrescTable
 *(.rodata*)
 .rodata.str1.4
                0x08001c9c       0x5c Application/User/main.o
                                 0x5b (size before relaxing)
                0x08001cf8                . = ALIGN (0x4)

.rel.dyn        0x08001cf8        0x0
 .rel.iplt      0x08001cf8        0x0 c:/ac6/systemworkbench/plugins/fr.ac6.mcu.externaltools.arm-none.win32_1.16.0.201807130628/tools/compiler/bin/../lib/gcc/arm-none-eabi/7.2.1/thumb/v7e-m/fpv4-sp/hard/crtbegin.o

.ARM.extab
 *(.ARM.extab* .gnu.linkonce.armextab.*)

.ARM            0x08001cf8        0x0
                0x08001cf8                __exidx_start = .
 *(.ARM.exidx*)
                0x08001cf8                __exidx_end = .

.preinit_array  0x08001cf8        0x0
                0x08001cf8                PROVIDE (__preinit_array_start, .)
 *(.preinit_array*)
                0x08001cf8                PROVIDE (__preinit_array_end, .)

.init_array     0x08001cf8        0x4
                0x08001cf8                PROVIDE (__init_array_start, .)
 *(SORT_BY_NAME(.init_array.*))
 *(.init_array*)
 .init_array    0x08001cf8        0x4 c:/ac6/systemworkbench/plugins/fr.ac6.mcu.externaltools.arm-none.win32_1.16.0.201807130628/tools/compiler/bin/../lib/gcc/arm-none-eabi/7.2.1/thumb/v7e-m/fpv4-sp/hard/crtbegin.o
                0x08001cfc                PROVIDE (__init_array_end, .)

.fini_array     0x08001cfc        0x4
                [!provide]                PROVIDE (__fini_array_start, .)
 *(SORT_BY_NAME(.fini_array.*))
 *(.fini_array*)
 .fini_array    0x08001cfc        0x4 c:/ac6/systemworkbench/plugins/fr.ac6.mcu.externaltools.arm-none.win32_1.16.0.201807130628/tools/compiler/bin/../lib/gcc/arm-none-eabi/7.2.1/thumb/v7e-m/fpv4-sp/hard/crtbegin.o
                [!provide]                PROVIDE (__fini_array_end, .)
                0x08001d00                _sidata = LOADADDR (.data)

.data           0x20000000        0x4 load address 0x08001d00
                0x20000000                . = ALIGN (0x4)
                0x20000000                _sdata = .
 *(.data)
 .data          0x20000000        0x4 Drivers/CMSIS/system_stm32f4xx.o
                0x20000000                SystemCoreClock
 *(.data*)
                0x20000004                . = ALIGN (0x4)
                0x20000004                _edata = .
                0x08001d04                _siccmram = LOADADDR (.ccmram)

.igot.plt       0x20000004        0x0 load address 0x08001d04
 .igot.plt      0x20000004        0x0 c:/ac6/systemworkbench/plugins/fr.ac6.mcu.externaltools.arm-none.win32_1.16.0.201807130628/tools/compiler/bin/../lib/gcc/arm-none-eabi/7.2.1/thumb/v7e-m/fpv4-sp/hard/crtbegin.o

.ccmram         0x10000000        0x0 load address 0x08001d04
                0x10000000                . = ALIGN (0x4)
                0x10000000                _sccmram = .
 *(.ccmram)
 *(.ccmram*)
                0x10000000                . = ALIGN (0x4)
                0x10000000                _eccmram = .
                0x10000000                . = ALIGN (0x4)

.bss            0x20000004      0x100
                0x20000004                _sbss = .
                0x20000004                __bss_start__ = _sbss
 *(.bss)
 .bss           0x20000004       0x1c c:/ac6/systemworkbench/plugins/fr.ac6.mcu.externaltools.arm-none.win32_1.16.0.201807130628/tools/compiler/bin/../lib/gcc/arm-none-eabi/7.2.1/thumb/v7e-m/fpv4-sp/hard/crtbegin.o
 .bss           0x20000020        0x4 Drivers/STM32F4xx_HAL_Driver/stm32f4xx_hal.o
 *(.bss*)
 *(COMMON)
 COMMON         0x20000024       0xe0 Application/User/main.o
                0x20000024                hspi2
                0x2000007c                hadc2
                0x200000c0                hadc1
                0x20000104                . = ALIGN (0x4)
                0x20000104                _ebss = .
                0x20000104                __bss_end__ = _ebss

._user_heap_stack
                0x20000104      0x604
                0x20000108                . = ALIGN (0x8)
 *fill*         0x20000104        0x4 
                [!provide]                PROVIDE (end, .)
                [!provide]                PROVIDE (_end, .)
                0x20000308                . = (. + _Min_Heap_Size)
 *fill*         0x20000108      0x200 
                0x20000708                . = (. + _Min_Stack_Size)
 *fill*         0x20000308      0x400 
                0x20000708                . = ALIGN (0x8)

/DISCARD/
 libc.a(*)
 libm.a(*)
 libgcc.a(*)

.ARM.attributes
                0x00000000       0x30
 *(.ARM.attributes)
 .ARM.attributes
                0x00000000       0x22 c:/ac6/systemworkbench/plugins/fr.ac6.mcu.externaltools.arm-none.win32_1.16.0.201807130628/tools/compiler/bin/../lib/gcc/arm-none-eabi/7.2.1/thumb/v7e-m/fpv4-sp/hard/crti.o
 .ARM.attributes
                0x00000022       0x34 c:/ac6/systemworkbench/plugins/fr.ac6.mcu.externaltools.arm-none.win32_1.16.0.201807130628/tools/compiler/bin/../lib/gcc/arm-none-eabi/7.2.1/thumb/v7e-m/fpv4-sp/hard/crtbegin.o
 .ARM.attributes
                0x00000056       0x21 Application/SW4STM32/startup_stm32f407xx.o
 .ARM.attributes
                0x00000077       0x39 Application/User/main.o
 .ARM.attributes
                0x000000b0       0x39 Application/User/stm32f4xx_hal_msp.o
 .ARM.attributes
                0x000000e9       0x39 Application/User/stm32f4xx_it.o
 .ARM.attributes
                0x00000122       0x39 Drivers/CMSIS/system_stm32f4xx.o
 .ARM.attributes
                0x0000015b       0x39 Drivers/STM32F4xx_HAL_Driver/stm32f4xx_hal.o
 .ARM.attributes
                0x00000194       0x39 Drivers/STM32F4xx_HAL_Driver/stm32f4xx_hal_adc.o
 .ARM.attributes
                0x000001cd       0x39 Drivers/STM32F4xx_HAL_Driver/stm32f4xx_hal_cortex.o
 .ARM.attributes
                0x00000206       0x39 Drivers/STM32F4xx_HAL_Driver/stm32f4xx_hal_gpio.o
 .ARM.attributes
                0x0000023f       0x39 Drivers/STM32F4xx_HAL_Driver/stm32f4xx_hal_rcc.o
 .ARM.attributes
                0x00000278       0x39 Drivers/STM32F4xx_HAL_Driver/stm32f4xx_hal_spi.o
 .ARM.attributes
                0x000002b1       0x34 c:/ac6/systemworkbench/plugins/fr.ac6.mcu.externaltools.arm-none.win32_1.16.0.201807130628/tools/compiler/bin/../lib/gcc/arm-none-eabi/7.2.1/../../../../arm-none-eabi/lib/thumb/v7e-m/fpv4-sp/hard\libc_nano.a(lib_a-init.o)
 .ARM.attributes
                0x000002e5       0x22 c:/ac6/systemworkbench/plugins/fr.ac6.mcu.externaltools.arm-none.win32_1.16.0.201807130628/tools/compiler/bin/../lib/gcc/arm-none-eabi/7.2.1/thumb/v7e-m/fpv4-sp/hard/crtn.o
OUTPUT(PROJECT.elf elf32-littlearm)

.debug_line     0x00000000     0x715c
 .debug_line    0x00000000       0xcd Application/SW4STM32/startup_stm32f407xx.o
 .debug_line    0x000000cd      0xc1d Application/User/main.o
 .debug_line    0x00000cea      0x93b Application/User/stm32f4xx_hal_msp.o
 .debug_line    0x00001625      0x8c5 Application/User/stm32f4xx_it.o
 .debug_line    0x00001eea      0x8ea Drivers/CMSIS/system_stm32f4xx.o
 .debug_line    0x000027d4      0xa61 Drivers/STM32F4xx_HAL_Driver/stm32f4xx_hal.o
 .debug_line    0x00003235      0xcb7 Drivers/STM32F4xx_HAL_Driver/stm32f4xx_hal_adc.o
 .debug_line    0x00003eec      0xabd Drivers/STM32F4xx_HAL_Driver/stm32f4xx_hal_cortex.o
 .debug_line    0x000049a9      0xa50 Drivers/STM32F4xx_HAL_Driver/stm32f4xx_hal_gpio.o
 .debug_line    0x000053f9      0xbce Drivers/STM32F4xx_HAL_Driver/stm32f4xx_hal_rcc.o
 .debug_line    0x00005fc7     0x1195 Drivers/STM32F4xx_HAL_Driver/stm32f4xx_hal_spi.o

.debug_info     0x00000000     0xd923
 .debug_info    0x00000000       0x22 Application/SW4STM32/startup_stm32f407xx.o
 .debug_info    0x00000022     0x2a17 Application/User/main.o
 .debug_info    0x00002a39     0x180a Application/User/stm32f4xx_hal_msp.o
 .debug_info    0x00004243      0x920 Application/User/stm32f4xx_it.o
 .debug_info    0x00004b63      0xcf5 Drivers/CMSIS/system_stm32f4xx.o
 .debug_info    0x00005858     0x111b Drivers/STM32F4xx_HAL_Driver/stm32f4xx_hal.o
 .debug_info    0x00006973     0x15db Drivers/STM32F4xx_HAL_Driver/stm32f4xx_hal_adc.o
 .debug_info    0x00007f4e     0x168b Drivers/STM32F4xx_HAL_Driver/stm32f4xx_hal_cortex.o
 .debug_info    0x000095d9      0xf4e Drivers/STM32F4xx_HAL_Driver/stm32f4xx_hal_gpio.o
 .debug_info    0x0000a527     0x1538 Drivers/STM32F4xx_HAL_Driver/stm32f4xx_hal_rcc.o
 .debug_info    0x0000ba5f     0x1ec4 Drivers/STM32F4xx_HAL_Driver/stm32f4xx_hal_spi.o

.debug_abbrev   0x00000000     0x1d71
 .debug_abbrev  0x00000000       0x12 Application/SW4STM32/startup_stm32f407xx.o
 .debug_abbrev  0x00000012      0x3fb Application/User/main.o
 .debug_abbrev  0x0000040d      0x254 Application/User/stm32f4xx_hal_msp.o
 .debug_abbrev  0x00000661      0x1e0 Application/User/stm32f4xx_it.o
 .debug_abbrev  0x00000841      0x216 Drivers/CMSIS/system_stm32f4xx.o
 .debug_abbrev  0x00000a57      0x329 Drivers/STM32F4xx_HAL_Driver/stm32f4xx_hal.o
 .debug_abbrev  0x00000d80      0x2fb Drivers/STM32F4xx_HAL_Driver/stm32f4xx_hal_adc.o
 .debug_abbrev  0x0000107b      0x3d6 Drivers/STM32F4xx_HAL_Driver/stm32f4xx_hal_cortex.o
 .debug_abbrev  0x00001451      0x2a7 Drivers/STM32F4xx_HAL_Driver/stm32f4xx_hal_gpio.o
 .debug_abbrev  0x000016f8      0x369 Drivers/STM32F4xx_HAL_Driver/stm32f4xx_hal_rcc.o
 .debug_abbrev  0x00001a61      0x310 Drivers/STM32F4xx_HAL_Driver/stm32f4xx_hal_spi.o

.debug_aranges  0x00000000      0x5f8
 .debug_aranges
                0x00000000       0x28 Application/SW4STM32/startup_stm32f407xx.o
 .debug_aranges
                0x00000028       0xd0 Application/User/main.o
 .debug_aranges
                0x000000f8       0x40 Application/User/stm32f4xx_hal_msp.o
 .debug_aranges
                0x00000138       0x20 Application/User/stm32f4xx_it.o
 .debug_aranges
                0x00000158       0x28 Drivers/CMSIS/system_stm32f4xx.o
 .debug_aranges
                0x00000180       0xc0 Drivers/STM32F4xx_HAL_Driver/stm32f4xx_hal.o
 .debug_aranges
                0x00000240       0xe8 Drivers/STM32F4xx_HAL_Driver/stm32f4xx_hal_adc.o
 .debug_aranges
                0x00000328       0x98 Drivers/STM32F4xx_HAL_Driver/stm32f4xx_hal_cortex.o
 .debug_aranges
                0x000003c0       0x58 Drivers/STM32F4xx_HAL_Driver/stm32f4xx_hal_gpio.o
 .debug_aranges
                0x00000418       0x88 Drivers/STM32F4xx_HAL_Driver/stm32f4xx_hal_rcc.o
 .debug_aranges
                0x000004a0      0x158 Drivers/STM32F4xx_HAL_Driver/stm32f4xx_hal_spi.o

.debug_str      0x00000000    0x76e36
 .debug_str     0x00000000       0xe5 Application/SW4STM32/startup_stm32f407xx.o
 .debug_str     0x000000e5    0x756f1 Application/User/main.o
                              0x75b27 (size before relaxing)
 .debug_str     0x000757d6       0xef Application/User/stm32f4xx_hal_msp.o
                              0x7575b (size before relaxing)
 .debug_str     0x000758c5       0xa8 Application/User/stm32f4xx_it.o
                              0x74964 (size before relaxing)
 .debug_str     0x0007596d      0x10c Drivers/CMSIS/system_stm32f4xx.o
                              0x74ae4 (size before relaxing)
 .debug_str     0x00075a79      0x4b7 Drivers/STM32F4xx_HAL_Driver/stm32f4xx_hal.o
                              0x754f1 (size before relaxing)
 .debug_str     0x00075f30      0x2f8 Drivers/STM32F4xx_HAL_Driver/stm32f4xx_hal_adc.o
                              0x75235 (size before relaxing)
 .debug_str     0x00076228      0x359 Drivers/STM32F4xx_HAL_Driver/stm32f4xx_hal_cortex.o
                              0x75355 (size before relaxing)
 .debug_str     0x00076581      0x27c Drivers/STM32F4xx_HAL_Driver/stm32f4xx_hal_gpio.o
                              0x74d72 (size before relaxing)
 .debug_str     0x000767fd      0x279 Drivers/STM32F4xx_HAL_Driver/stm32f4xx_hal_rcc.o
                              0x74f07 (size before relaxing)
 .debug_str     0x00076a76      0x3c0 Drivers/STM32F4xx_HAL_Driver/stm32f4xx_hal_spi.o
                              0x751ff (size before relaxing)

.debug_ranges   0x00000000      0x5e0
 .debug_ranges  0x00000000       0x20 Application/SW4STM32/startup_stm32f407xx.o
 .debug_ranges  0x00000020       0xf0 Application/User/main.o
 .debug_ranges  0x00000110       0x30 Application/User/stm32f4xx_hal_msp.o
 .debug_ranges  0x00000140       0x10 Application/User/stm32f4xx_it.o
 .debug_ranges  0x00000150       0x18 Drivers/CMSIS/system_stm32f4xx.o
 .debug_ranges  0x00000168       0xb0 Drivers/STM32F4xx_HAL_Driver/stm32f4xx_hal.o
 .debug_ranges  0x00000218       0xd8 Drivers/STM32F4xx_HAL_Driver/stm32f4xx_hal_adc.o
 .debug_ranges  0x000002f0       0xe8 Drivers/STM32F4xx_HAL_Driver/stm32f4xx_hal_cortex.o
 .debug_ranges  0x000003d8       0x48 Drivers/STM32F4xx_HAL_Driver/stm32f4xx_hal_gpio.o
 .debug_ranges  0x00000420       0x78 Drivers/STM32F4xx_HAL_Driver/stm32f4xx_hal_rcc.o
 .debug_ranges  0x00000498      0x148 Drivers/STM32F4xx_HAL_Driver/stm32f4xx_hal_spi.o

.debug_loc      0x00000000     0x358e
 .debug_loc     0x00000000      0x467 Application/User/main.o
 .debug_loc     0x00000467      0x101 Application/User/stm32f4xx_hal_msp.o
 .debug_loc     0x00000568      0x13e Drivers/CMSIS/system_stm32f4xx.o
 .debug_loc     0x000006a6       0x92 Drivers/STM32F4xx_HAL_Driver/stm32f4xx_hal.o
 .debug_loc     0x00000738      0x758 Drivers/STM32F4xx_HAL_Driver/stm32f4xx_hal_adc.o
 .debug_loc     0x00000e90      0x5ad Drivers/STM32F4xx_HAL_Driver/stm32f4xx_hal_cortex.o
 .debug_loc     0x0000143d      0x469 Drivers/STM32F4xx_HAL_Driver/stm32f4xx_hal_gpio.o
 .debug_loc     0x000018a6      0x5e8 Drivers/STM32F4xx_HAL_Driver/stm32f4xx_hal_rcc.o
 .debug_loc     0x00001e8e     0x1700 Drivers/STM32F4xx_HAL_Driver/stm32f4xx_hal_spi.o

.debug_macro    0x00000000    0x136c4
 .debug_macro   0x00000000      0x31a Application/User/main.o
 .debug_macro   0x0000031a      0xa60 Application/User/main.o
 .debug_macro   0x00000d7a       0x10 Application/User/main.o
 .debug_macro   0x00000d8a      0x180 Application/User/main.o
 .debug_macro   0x00000f0a       0x2e Application/User/main.o
 .debug_macro   0x00000f38       0x28 Application/User/main.o
 .debug_macro   0x00000f60       0x3b Application/User/main.o
 .debug_macro   0x00000f9b       0x22 Application/User/main.o
 .debug_macro   0x00000fbd       0x87 Application/User/main.o
 .debug_macro   0x00001044       0x51 Application/User/main.o
 .debug_macro   0x00001095       0xef Application/User/main.o
 .debug_macro   0x00001184       0x6a Application/User/main.o
 .debug_macro   0x000011ee      0x1df Application/User/main.o
 .debug_macro   0x000013cd       0x34 Application/User/main.o
 .debug_macro   0x00001401       0x26 Application/User/main.o
 .debug_macro   0x00001427      0xe43 Application/User/main.o
 .debug_macro   0x0000226a     0x9335 Application/User/main.o
 .debug_macro   0x0000b59f       0x43 Application/User/main.o
 .debug_macro   0x0000b5e2     0x3222 Application/User/main.o
 .debug_macro   0x0000e804       0x58 Application/User/main.o
 .debug_macro   0x0000e85c       0x17 Application/User/main.o
 .debug_macro   0x0000e873       0x35 Application/User/main.o
 .debug_macro   0x0000e8a8       0x9c Application/User/main.o
 .debug_macro   0x0000e944       0x16 Application/User/main.o
 .debug_macro   0x0000e95a       0x97 Application/User/main.o
 .debug_macro   0x0000e9f1      0x330 Application/User/main.o
 .debug_macro   0x0000ed21       0xfd Application/User/main.o
 .debug_macro   0x0000ee1e       0x10 Application/User/main.o
 .debug_macro   0x0000ee2e       0x58 Application/User/main.o
 .debug_macro   0x0000ee86       0x1f Application/User/main.o
 .debug_macro   0x0000eea5       0x43 Application/User/main.o
 .debug_macro   0x0000eee8       0x20 Application/User/main.o
 .debug_macro   0x0000ef08      0x18e Application/User/main.o
 .debug_macro   0x0000f096       0x10 Application/User/main.o
 .debug_macro   0x0000f0a6       0x1c Application/User/main.o
 .debug_macro   0x0000f0c2       0x52 Application/User/main.o
 .debug_macro   0x0000f114       0x40 Application/User/main.o
 .debug_macro   0x0000f154       0x10 Application/User/main.o
 .debug_macro   0x0000f164       0x40 Application/User/main.o
 .debug_macro   0x0000f1a4       0xd7 Application/User/main.o
 .debug_macro   0x0000f27b       0x1c Application/User/main.o
 .debug_macro   0x0000f297       0x3d Application/User/main.o
 .debug_macro   0x0000f2d4       0x16 Application/User/main.o
 .debug_macro   0x0000f2ea      0x16f Application/User/main.o
 .debug_macro   0x0000f459       0x50 Application/User/main.o
 .debug_macro   0x0000f4a9      0x71f Application/User/main.o
 .debug_macro   0x0000fbc8      0x8b5 Application/User/main.o
 .debug_macro   0x0001047d      0x11e Application/User/main.o
 .debug_macro   0x0001059b      0x13e Application/User/main.o
 .debug_macro   0x000106d9       0x27 Application/User/main.o
 .debug_macro   0x00010700      0x272 Application/User/main.o
 .debug_macro   0x00010972       0x5f Application/User/main.o
 .debug_macro   0x000109d1      0x241 Application/User/main.o
 .debug_macro   0x00010c12      0x31a Application/User/main.o
 .debug_macro   0x00010f2c      0x162 Application/User/main.o
 .debug_macro   0x0001108e       0xd6 Application/User/main.o
 .debug_macro   0x00011164      0x13a Application/User/main.o
 .debug_macro   0x0001129e      0x21e Application/User/main.o
 .debug_macro   0x000114bc       0x2e Application/User/main.o
 .debug_macro   0x000114ea      0x11e Application/User/main.o
 .debug_macro   0x00011608       0x7f Application/User/main.o
 .debug_macro   0x00011687       0x89 Application/User/main.o
 .debug_macro   0x00011710      0x202 Application/User/main.o
 .debug_macro   0x00011912      0x125 Application/User/main.o
 .debug_macro   0x00011a37      0x316 Application/User/stm32f4xx_hal_msp.o
 .debug_macro   0x00011d4d      0x320 Application/User/stm32f4xx_it.o
 .debug_macro   0x0001206d      0x31c Drivers/CMSIS/system_stm32f4xx.o
 .debug_macro   0x00012389      0x364 Drivers/STM32F4xx_HAL_Driver/stm32f4xx_hal.o
 .debug_macro   0x000126ed      0x317 Drivers/STM32F4xx_HAL_Driver/stm32f4xx_hal_adc.o
 .debug_macro   0x00012a04      0x316 Drivers/STM32F4xx_HAL_Driver/stm32f4xx_hal_cortex.o
 .debug_macro   0x00012d1a      0x34e Drivers/STM32F4xx_HAL_Driver/stm32f4xx_hal_gpio.o
 .debug_macro   0x00013068      0x340 Drivers/STM32F4xx_HAL_Driver/stm32f4xx_hal_rcc.o
 .debug_macro   0x000133a8      0x31c Drivers/STM32F4xx_HAL_Driver/stm32f4xx_hal_spi.o

.comment        0x00000000       0x7e
 .comment       0x00000000       0x7e Application/User/main.o
                                 0x7f (size before relaxing)
 .comment       0x0000007e       0x7f Application/User/stm32f4xx_hal_msp.o
 .comment       0x0000007e       0x7f Application/User/stm32f4xx_it.o
 .comment       0x0000007e       0x7f Drivers/CMSIS/system_stm32f4xx.o
 .comment       0x0000007e       0x7f Drivers/STM32F4xx_HAL_Driver/stm32f4xx_hal.o
 .comment       0x0000007e       0x7f Drivers/STM32F4xx_HAL_Driver/stm32f4xx_hal_adc.o
 .comment       0x0000007e       0x7f Drivers/STM32F4xx_HAL_Driver/stm32f4xx_hal_cortex.o
 .comment       0x0000007e       0x7f Drivers/STM32F4xx_HAL_Driver/stm32f4xx_hal_gpio.o
 .comment       0x0000007e       0x7f Drivers/STM32F4xx_HAL_Driver/stm32f4xx_hal_rcc.o
 .comment       0x0000007e       0x7f Drivers/STM32F4xx_HAL_Driver/stm32f4xx_hal_spi.o

.debug_frame    0x00000000      0xf24
 .debug_frame   0x00000000      0x2bc Application/User/main.o
 .debug_frame   0x000002bc       0x98 Application/User/stm32f4xx_hal_msp.o
 .debug_frame   0x00000354       0x28 Application/User/stm32f4xx_it.o
 .debug_frame   0x0000037c       0x30 Drivers/CMSIS/system_stm32f4xx.o
 .debug_frame   0x000003ac      0x188 Drivers/STM32F4xx_HAL_Driver/stm32f4xx_hal.o
 .debug_frame   0x00000534      0x274 Drivers/STM32F4xx_HAL_Driver/stm32f4xx_hal_adc.o
 .debug_frame   0x000007a8      0x13c Drivers/STM32F4xx_HAL_Driver/stm32f4xx_hal_cortex.o
 .debug_frame   0x000008e4       0xd8 Drivers/STM32F4xx_HAL_Driver/stm32f4xx_hal_gpio.o
 .debug_frame   0x000009bc      0x144 Drivers/STM32F4xx_HAL_Driver/stm32f4xx_hal_rcc.o
 .debug_frame   0x00000b00      0x3f8 Drivers/STM32F4xx_HAL_Driver/stm32f4xx_hal_spi.o
 .debug_frame   0x00000ef8       0x2c c:/ac6/systemworkbench/plugins/fr.ac6.mcu.externaltools.arm-none.win32_1.16.0.201807130628/tools/compiler/bin/../lib/gcc/arm-none-eabi/7.2.1/../../../../arm-none-eabi/lib/thumb/v7e-m/fpv4-sp/hard\libc_nano.a(lib_a-init.o)
